Archive member included to satisfy reference by file (symbol)

/usr/local/Cellar/arm-none-eabi-gcc/10.3-2021.07/gcc/bin/../lib/gcc/arm-none-eabi/10.3.1/thumb/v6-m/nofp/libgcc.a(_dvmd_tls.o)
                              CMakeFiles/pico_w_webserver.dir/__/_deps/pico_sdk-src/src/rp2_common/pico_divider/divider.S.obj (__aeabi_idiv0)
/usr/local/Cellar/arm-none-eabi-gcc/10.3-2021.07/gcc/bin/../lib/gcc/arm-none-eabi/10.3.1/../../../../arm-none-eabi/lib/thumb/v6-m/nofp/libc.a(lib_a-atoi.o)
                              CMakeFiles/pico_w_webserver.dir/__/_deps/pico_sdk-src/lib/lwip/src/core/netif.c.obj (atoi)
/usr/local/Cellar/arm-none-eabi-gcc/10.3-2021.07/gcc/bin/../lib/gcc/arm-none-eabi/10.3.1/../../../../arm-none-eabi/lib/thumb/v6-m/nofp/libc.a(lib_a-calloc.o)
                              CMakeFiles/pico_w_webserver.dir/__/_deps/pico_sdk-src/src/rp2_common/pico_malloc/pico_malloc.c.obj (calloc)
/usr/local/Cellar/arm-none-eabi-gcc/10.3-2021.07/gcc/bin/../lib/gcc/arm-none-eabi/10.3.1/../../../../arm-none-eabi/lib/thumb/v6-m/nofp/libc.a(lib_a-callocr.o)
                              /usr/local/Cellar/arm-none-eabi-gcc/10.3-2021.07/gcc/bin/../lib/gcc/arm-none-eabi/10.3.1/../../../../arm-none-eabi/lib/thumb/v6-m/nofp/libc.a(lib_a-calloc.o) (_calloc_r)
/usr/local/Cellar/arm-none-eabi-gcc/10.3-2021.07/gcc/bin/../lib/gcc/arm-none-eabi/10.3.1/../../../../arm-none-eabi/lib/thumb/v6-m/nofp/libc.a(lib_a-ctype_.o)
                              CMakeFiles/pico_w_webserver.dir/__/_deps/pico_sdk-src/lib/lwip/src/core/dns.c.obj (_ctype_)
/usr/local/Cellar/arm-none-eabi-gcc/10.3-2021.07/gcc/bin/../lib/gcc/arm-none-eabi/10.3.1/../../../../arm-none-eabi/lib/thumb/v6-m/nofp/libc.a(lib_a-errno.o)
                              /usr/local/Cellar/arm-none-eabi-gcc/10.3-2021.07/gcc/bin/../lib/gcc/arm-none-eabi/10.3.1/../../../../arm-none-eabi/lib/thumb/v6-m/nofp/libc.a(lib_a-callocr.o) (__errno)
/usr/local/Cellar/arm-none-eabi-gcc/10.3-2021.07/gcc/bin/../lib/gcc/arm-none-eabi/10.3.1/../../../../arm-none-eabi/lib/thumb/v6-m/nofp/libc.a(lib_a-impure.o)
                              /usr/local/Cellar/arm-none-eabi-gcc/10.3-2021.07/gcc/bin/../lib/gcc/arm-none-eabi/10.3.1/../../../../arm-none-eabi/lib/thumb/v6-m/nofp/libc.a(lib_a-calloc.o) (_impure_ptr)
/usr/local/Cellar/arm-none-eabi-gcc/10.3-2021.07/gcc/bin/../lib/gcc/arm-none-eabi/10.3.1/../../../../arm-none-eabi/lib/thumb/v6-m/nofp/libc.a(lib_a-init.o)
                              /usr/local/Cellar/arm-none-eabi-gcc/10.3-2021.07/gcc/bin/../lib/gcc/arm-none-eabi/10.3.1/../../../../arm-none-eabi/lib/thumb/v6-m/nofp/crt0.o (__libc_init_array)
/usr/local/Cellar/arm-none-eabi-gcc/10.3-2021.07/gcc/bin/../lib/gcc/arm-none-eabi/10.3.1/../../../../arm-none-eabi/lib/thumb/v6-m/nofp/libc.a(lib_a-malloc.o)
                              CMakeFiles/pico_w_webserver.dir/__/_deps/pico_sdk-src/src/rp2_common/pico_malloc/pico_malloc.c.obj (malloc)
/usr/local/Cellar/arm-none-eabi-gcc/10.3-2021.07/gcc/bin/../lib/gcc/arm-none-eabi/10.3.1/../../../../arm-none-eabi/lib/thumb/v6-m/nofp/libc.a(lib_a-mallocr.o)
                              /usr/local/Cellar/arm-none-eabi-gcc/10.3-2021.07/gcc/bin/../lib/gcc/arm-none-eabi/10.3.1/../../../../arm-none-eabi/lib/thumb/v6-m/nofp/libc.a(lib_a-callocr.o) (_malloc_r)
/usr/local/Cellar/arm-none-eabi-gcc/10.3-2021.07/gcc/bin/../lib/gcc/arm-none-eabi/10.3.1/../../../../arm-none-eabi/lib/thumb/v6-m/nofp/libc.a(lib_a-memcmp.o)
                              CMakeFiles/pico_w_webserver.dir/__/_deps/pico_sdk-src/lib/lwip/src/netif/ethernet.c.obj (memcmp)
/usr/local/Cellar/arm-none-eabi-gcc/10.3-2021.07/gcc/bin/../lib/gcc/arm-none-eabi/10.3.1/../../../../arm-none-eabi/lib/thumb/v6-m/nofp/libc.a(lib_a-memmove.o)
                              CMakeFiles/pico_w_webserver.dir/__/_deps/pico_sdk-src/lib/lwip/src/core/def.c.obj (memmove)
/usr/local/Cellar/arm-none-eabi-gcc/10.3-2021.07/gcc/bin/../lib/gcc/arm-none-eabi/10.3.1/../../../../arm-none-eabi/lib/thumb/v6-m/nofp/libc.a(lib_a-mlock.o)
                              /usr/local/Cellar/arm-none-eabi-gcc/10.3-2021.07/gcc/bin/../lib/gcc/arm-none-eabi/10.3.1/../../../../arm-none-eabi/lib/thumb/v6-m/nofp/libc.a(lib_a-mallocr.o) (__malloc_lock)
/usr/local/Cellar/arm-none-eabi-gcc/10.3-2021.07/gcc/bin/../lib/gcc/arm-none-eabi/10.3.1/../../../../arm-none-eabi/lib/thumb/v6-m/nofp/libc.a(lib_a-realloc.o)
                              CMakeFiles/pico_w_webserver.dir/__/_deps/pico_sdk-src/src/rp2_common/pico_malloc/pico_malloc.c.obj (realloc)
/usr/local/Cellar/arm-none-eabi-gcc/10.3-2021.07/gcc/bin/../lib/gcc/arm-none-eabi/10.3.1/../../../../arm-none-eabi/lib/thumb/v6-m/nofp/libc.a(lib_a-reallocr.o)
                              /usr/local/Cellar/arm-none-eabi-gcc/10.3-2021.07/gcc/bin/../lib/gcc/arm-none-eabi/10.3.1/../../../../arm-none-eabi/lib/thumb/v6-m/nofp/libc.a(lib_a-realloc.o) (_realloc_r)
[...]
Memory Configuration

Name             Origin             Length             Attributes
FLASH            0x0000000010000000 0x0000000000200000 xr
RAM              0x0000000020000000 0x0000000000040000 xrw
SCRATCH_X        0x0000000020040000 0x0000000000001000 xrw
SCRATCH_Y        0x0000000020041000 0x0000000000001000 xrw
*default*        0x0000000000000000 0xffffffffffffffff

Linker script and memory map

LOAD /usr/local/Cellar/arm-none-eabi-gcc/10.3-2021.07/gcc/bin/../lib/gcc/arm-none-eabi/10.3.1/thumb/v6-m/nofp/crti.o
LOAD /usr/local/Cellar/arm-none-eabi-gcc/10.3-2021.07/gcc/bin/../lib/gcc/arm-none-eabi/10.3.1/thumb/v6-m/nofp/crtbegin.o
LOAD /usr/local/Cellar/arm-none-eabi-gcc/10.3-2021.07/gcc/bin/../lib/gcc/arm-none-eabi/10.3.1/../../../../arm-none-eabi/lib/thumb/v6-m/nofp/crt0.o

.flash_begin    0x0000000010000000        0x0
                0x0000000010000000                __flash_binary_start = .

.boot2          0x0000000010000000      0x100
                0x0000000010000000                __boot2_start__ = .
 *(.boot2)
 .boot2         0x0000000010000000      0x100 /var/folders/h3/bg73bw9d7tj04yf0n4mylrzr0000gn/T//ccvp4mqS.o
                0x0000000010000100                __boot2_end__ = .
                0x0000000000000001                ASSERT (((__boot2_end__ - __boot2_start__) == 0x100), ERROR: Pico second stage bootloader must be 256 bytes in size)

.text           0x0000000010000100    0x2f688
                0x0000000010000100                __logical_binary_start = .
 *(.vectors)
 .vectors       0x0000000010000100       0xd4 CMakeFiles/pico_w_webserver.dir/__/_deps/pico_sdk-src/src/rp2_common/pico_standard_link/crt0.S.obj
                0x0000000010000100                __VECTOR_TABLE
                0x0000000010000100                __vectors
                0x00000000100001c0                __default_isrs_start
                0x00000000100001c0                isr_invalid
                0x00000000100001c2                isr_nmi
                0x00000000100001c4                isr_hardfault
                0x00000000100001c6                isr_svcall
                0x00000000100001c8                isr_pendsv
                0x00000000100001ca                isr_systick
                0x00000000100001cc                isr_irq28
                0x00000000100001cc                isr_irq19
                0x00000000100001cc                isr_irq0
                0x00000000100001cc                isr_irq6
                0x00000000100001cc                isr_irq22
                0x00000000100001cc                isr_irq17
                0x00000000100001cc                isr_irq14
                0x00000000100001cc                isr_irq2
                0x00000000100001cc                isr_irq10
                0x00000000100001cc                isr_irq8
                0x00000000100001cc                isr_irq24
                0x00000000100001cc                isr_irq1
                0x00000000100001cc                isr_irq7
                0x00000000100001cc                isr_irq21
                0x00000000100001cc                isr_irq20
                0x00000000100001cc                isr_irq15
                0x00000000100001cc                isr_irq25
                0x00000000100001cc                isr_irq4
                0x00000000100001cc                isr_irq16
                0x00000000100001cc                isr_irq29
                0x00000000100001cc                isr_irq26
                0x00000000100001cc                __default_isrs_end
                0x00000000100001cc                isr_irq3
                0x00000000100001cc                isr_irq9
                0x00000000100001cc                __unhandled_user_irq
                0x00000000100001cc                isr_irq13
                0x00000000100001cc                isr_irq27
                0x00000000100001cc                isr_irq31
                0x00000000100001cc                isr_irq5
                0x00000000100001cc                isr_irq11
                0x00000000100001cc                isr_irq23
                0x00000000100001cc                isr_irq18
                0x00000000100001cc                isr_irq30
                0x00000000100001cc                isr_irq12
                0x00000000100001d2                unhandled_user_irq_num_in_r0
 *(.binary_info_header)
 .binary_info_header
                0x00000000100001d4       0x14 CMakeFiles/pico_w_webserver.dir/__/_deps/pico_sdk-src/src/rp2_common/pico_standard_link/crt0.S.obj
                0x00000000100001e8                __binary_info_header_end = .
 *(.reset)
 .reset         0x00000000100001e8       0xa0 CMakeFiles/pico_w_webserver.dir/__/_deps/pico_sdk-src/src/rp2_common/pico_standard_link/crt0.S.obj
                0x00000000100001e8                _entry_point
 .reset         0x0000000010000288       0x30 CMakeFiles/pico_w_webserver.dir/__/_deps/pico_sdk-src/src/rp2_common/pico_standard_link/binary_info.c.obj
 *(.init)
 .init          0x00000000100002b8        0x4 /usr/local/Cellar/arm-none-eabi-gcc/10.3-2021.07/gcc/bin/../lib/gcc/arm-none-eabi/10.3.1/thumb/v6-m/nofp/crti.o
                0x00000000100002b8                _init
 *(EXCLUDE_FILE(*libm.a: *libc.a:*lib_a-mem*.o *libgcc.a:) .text*)
 .text          0x00000000100002bc       0x48 /usr/local/Cellar/arm-none-eabi-gcc/10.3-2021.07/gcc/bin/../lib/gcc/arm-none-eabi/10.3.1/thumb/v6-m/nofp/crtbegin.o
 .text._ZL17print_adb_messageP11adb_message
                0x0000000010000304       0xd4 CMakeFiles/pico_w_webserver.dir/main.cpp.obj
 .text._Z19clear_input_featureP10tuh_xfer_s
                0x00000000100003d8       0x34 CMakeFiles/pico_w_webserver.dir/main.cpp.obj
                0x00000000100003d8                clear_input_feature(tuh_xfer_s*)
 .text._Z33check_private_auth_command_resultP10tuh_xfer_s
                0x000000001000040c       0x38 CMakeFiles/pico_w_webserver.dir/main.cpp.obj
                0x000000001000040c                check_private_auth_command_result(tuh_xfer_s*)
 .text._Z17set_awaiting_authP10tuh_xfer_s
                0x0000000010000444       0x50 CMakeFiles/pico_w_webserver.dir/main.cpp.obj
                0x0000000010000444                set_awaiting_auth(tuh_xfer_s*)
 .text._Z25finish_sending_ok_messageP10tuh_xfer_s
                0x0000000010000494       0x40 CMakeFiles/pico_w_webserver.dir/main.cpp.obj
                0x0000000010000494                finish_sending_ok_message(tuh_xfer_s*)
 .text._Z31finish_send_start_tcpip_commandP10tuh_xfer_s
                0x00000000100004d4       0x48 CMakeFiles/pico_w_webserver.dir/main.cpp.obj
                0x00000000100004d4                finish_send_start_tcpip_command(tuh_xfer_s*)
 .text._Z32finish_send_private_auth_commandP10tuh_xfer_s
                0x000000001000051c       0x50 CMakeFiles/pico_w_webserver.dir/main.cpp.obj
                0x000000001000051c                finish_send_private_auth_command(tuh_xfer_s*)
 .text._Z23send_connection_commandP10tuh_xfer_s
                0x000000001000056c       0x54 CMakeFiles/pico_w_webserver.dir/main.cpp.obj
                0x000000001000056c                send_connection_command(tuh_xfer_s*)
 .text._Z24finish_send_auth_commandP10tuh_xfer_s
                0x00000000100005c0       0x48 CMakeFiles/pico_w_webserver.dir/main.cpp.obj
                0x00000000100005c0                finish_send_auth_command(tuh_xfer_s*)
 .text._Z32send_wifi_login_command_callbackP10tuh_xfer_s
                0x0000000010000608       0x6c CMakeFiles/pico_w_webserver.dir/main.cpp.obj
                0x0000000010000608                send_wifi_login_command_callback(tuh_xfer_s*)
 .text._Z33send_start_tcpip_command_callbackP10tuh_xfer_s
                0x0000000010000674       0x6c CMakeFiles/pico_w_webserver.dir/main.cpp.obj
                0x0000000010000674                send_start_tcpip_command_callback(tuh_xfer_s*)
 .text._Z39send_start_home_screen_command_callbackP10tuh_xfer_s
                0x00000000100006e0       0x6c CMakeFiles/pico_w_webserver.dir/main.cpp.obj
                0x00000000100006e0                send_start_home_screen_command_callback(tuh_xfer_s*)
 .text._Z27adb_device_mounted_callbackP10tuh_xfer_s
                0x000000001000074c       0xa4 CMakeFiles/pico_w_webserver.dir/main.cpp.obj
                0x000000001000074c                adb_device_mounted_callback(tuh_xfer_s*)
 .text._Z28finish_send_start_wifi_loginP10tuh_xfer_s
                0x00000000100007f0       0x48 CMakeFiles/pico_w_webserver.dir/main.cpp.obj
                0x00000000100007f0                finish_send_start_wifi_login(tuh_xfer_s*)
 .text._Z30finish_send_connection_commandP10tuh_xfer_s
                0x0000000010000838       0x48 CMakeFiles/pico_w_webserver.dir/main.cpp.obj
                0x0000000010000838                finish_send_connection_command(tuh_xfer_s*)
 .text._Z33finish_send_disable_sleep_commandP10tuh_xfer_s
                0x0000000010000880       0x48 CMakeFiles/pico_w_webserver.dir/main.cpp.obj
                0x0000000010000880                finish_send_disable_sleep_command(tuh_xfer_s*)
 .text._Z34finish_send_start_activity_commandP10tuh_xfer_s
                0x00000000100008c8       0x48 CMakeFiles/pico_w_webserver.dir/main.cpp.obj
                0x00000000100008c8                finish_send_start_activity_command(tuh_xfer_s*)
 .text._Z10run_serverv
                0x0000000010000910       0x40 CMakeFiles/pico_w_webserver.dir/main.cpp.obj
                0x0000000010000910                run_server()
 .text.startup.main
                0x0000000010000950      0x110 CMakeFiles/pico_w_webserver.dir/main.cpp.obj
                0x0000000010000950                main
 .text._Z29send_private_key_auth_commandPcj
                0x0000000010000a60       0xa8 CMakeFiles/pico_w_webserver.dir/main.cpp.obj
                0x0000000010000a60                send_private_key_auth_command(char*, unsigned int)
 .text._Z20handle_data_receivedP15_adb_connectiontPh
                0x0000000010000b08      0x3a0 CMakeFiles/pico_w_webserver.dir/main.cpp.obj
                0x0000000010000b08                handle_data_received(_adb_connection*, unsigned short, unsigned char*)
 .text._Z15adbEventHandlerP15_adb_connection13adb_eventTypetPh
                0x0000000010000ea8       0x70 CMakeFiles/pico_w_webserver.dir/main.cpp.obj
                0x0000000010000ea8                adbEventHandler(_adb_connection*, adb_eventType, unsigned short, unsigned char*)
 .text.tuh_mount_cb
                0x0000000010000f18       0x84 CMakeFiles/pico_w_webserver.dir/main.cpp.obj
                0x0000000010000f18                tuh_mount_cb
 .text.tuh_umount_cb
                0x0000000010000f9c       0x58 CMakeFiles/pico_w_webserver.dir/main.cpp.obj
                0x0000000010000f9c                tuh_umount_cb
 .text._Z8ssi_initP15_adb_connection
                0x0000000010000ff4       0xcc CMakeFiles/pico_w_webserver.dir/ssi.cpp.obj
                0x0000000010000ff4                ssi_init(_adb_connection*)
 .text._Z35finish_send_start_activity_command2P10tuh_xfer_s
                0x00000000100010c0       0x38 CMakeFiles/pico_w_webserver.dir/cgi.cpp.obj
                0x00000000100010c0                finish_send_start_activity_command2(tuh_xfer_s*)
 .text._Z28send_tail_video_logs_commandP10tuh_xfer_s
                0x00000000100010f8       0x6c CMakeFiles/pico_w_webserver.dir/cgi.cpp.obj
                0x00000000100010f8                send_tail_video_logs_command(tuh_xfer_s*)
 .text._Z39finish_send_start_logging_video_commandP10tuh_xfer_s
                0x0000000010001164       0x30 CMakeFiles/pico_w_webserver.dir/cgi.cpp.obj
                0x0000000010001164                finish_send_start_logging_video_command(tuh_xfer_s*)
 .text._Z20cgi_handler_extendediiPPcS0_
                0x0000000010001194       0x90 CMakeFiles/pico_w_webserver.dir/cgi.cpp.obj
                0x0000000010001194                cgi_handler_extended(int, int, char**, char**)
 .text._Z10url_decodePKcPh
                0x0000000010001224       0xd4 CMakeFiles/pico_w_webserver.dir/cgi.cpp.obj
                0x0000000010001224                url_decode(char const*, unsigned char*)
 .text._Z17cgi_handler_basiciiPPcS0_
                0x00000000100012f8       0xd8 CMakeFiles/pico_w_webserver.dir/cgi.cpp.obj
                0x00000000100012f8                cgi_handler_basic(int, int, char**, char**)
 .text._Z8cgi_initP20adb_usbConfigurationP15_adb_connection
                0x00000000100013d0       0x20 CMakeFiles/pico_w_webserver.dir/cgi.cpp.obj
                0x00000000100013d0                cgi_init(adb_usbConfiguration*, _adb_connection*)
 .text.adb_printMessage
                0x00000000100013f0       0xd8 CMakeFiles/pico_w_webserver.dir/adb_utils.c.obj
 .text.adb_usb_writeMessage_secondary
                0x00000000100014c8       0x34 CMakeFiles/pico_w_webserver.dir/adb_utils.c.obj
                0x00000000100014c8                adb_usb_writeMessage_secondary
 .text.hid_report_received
                0x00000000100014fc       0x7c CMakeFiles/pico_w_webserver.dir/adb_utils.c.obj
                0x00000000100014fc                hid_report_received
 .text.is_default
                0x0000000010001578       0x10 CMakeFiles/pico_w_webserver.dir/adb_utils.c.obj
                0x0000000010001578                is_default
 .text.check_command_result
                0x0000000010001588       0x84 CMakeFiles/pico_w_webserver.dir/adb_utils.c.obj
                0x0000000010001588                check_command_result
 .text.check_command_result_cb
                0x000000001000160c       0x7c CMakeFiles/pico_w_webserver.dir/adb_utils.c.obj
                0x000000001000160c                check_command_result_cb
 .text.sign_token
                0x0000000010001688      0x234 CMakeFiles/pico_w_webserver.dir/adb_utils.c.obj
                0x0000000010001688                sign_token
 .text.adb_usb_writeMessage_secondary_with_length
                0x00000000100018bc       0x30 CMakeFiles/pico_w_webserver.dir/adb_utils.c.obj
                0x00000000100018bc                adb_usb_writeMessage_secondary_with_length
 .text.adb_usb_writeStringMessageWithCallback
                0x00000000100018ec       0x98 CMakeFiles/pico_w_webserver.dir/adb_utils.c.obj
                0x00000000100018ec                adb_usb_writeStringMessageWithCallback
 .text.adb_writeEmptyMessage
                0x0000000010001984      0x168 CMakeFiles/pico_w_webserver.dir/adb_utils.c.obj
                0x0000000010001984                adb_writeEmptyMessage
 .text.adb_usb_writeDataMessageWithCallback
                0x0000000010001aec       0x98 CMakeFiles/pico_w_webserver.dir/adb_utils.c.obj
                0x0000000010001aec                adb_usb_writeDataMessageWithCallback
 .text.clear_endpoint_feature
                0x0000000010001b84       0x78 CMakeFiles/pico_w_webserver.dir/adb_utils.c.obj
                0x0000000010001b84                clear_endpoint_feature
 .text.listen_for_data_at_address
                0x0000000010001bfc       0xd0 CMakeFiles/pico_w_webserver.dir/adb_utils.c.obj
                0x0000000010001bfc                listen_for_data_at_address
 .text.get_adb_interface_endpoints
                0x0000000010001ccc       0xbc CMakeFiles/pico_w_webserver.dir/adb_utils.c.obj
                0x0000000010001ccc                get_adb_interface_endpoints
 .text.get_adb_handle_from_device_descriptor
                0x0000000010001d88      0x15c CMakeFiles/pico_w_webserver.dir/adb_utils.c.obj
                0x0000000010001d88                get_adb_handle_from_device_descriptor
 .text.print_utf16
                0x0000000010001ee4       0xcc CMakeFiles/pico_w_webserver.dir/adb_utils.c.obj
                0x0000000010001ee4                print_utf16
 .text.device_descriptor_is_adb
                0x0000000010001fb0      0x1bc CMakeFiles/pico_w_webserver.dir/adb_utils.c.obj
                0x0000000010001fb0                device_descriptor_is_adb
 .text.lwip_timeout_reached
                0x000000001000216c        0x8 CMakeFiles/pico_w_webserver.dir/__/_deps/pico_sdk-src/src/rp2_common/pico_lwip/lwip_nosys.c.obj
 .text.update_next_timeout
                0x0000000010002174       0x6c CMakeFiles/pico_w_webserver.dir/__/_deps/pico_sdk-src/src/rp2_common/pico_lwip/lwip_nosys.c.obj
 .text.lwip_nosys_init
                0x00000000100021e0       0x30 CMakeFiles/pico_w_webserver.dir/__/_deps/pico_sdk-src/src/rp2_common/pico_lwip/lwip_nosys.c.obj
                0x00000000100021e0                lwip_nosys_init
 .text.lwip_nosys_deinit
                0x0000000010002210       0x20 CMakeFiles/pico_w_webserver.dir/__/_deps/pico_sdk-src/src/rp2_common/pico_lwip/lwip_nosys.c.obj
                0x0000000010002210                lwip_nosys_deinit
 .text.sys_arch_protect
                0x0000000010002230        0x4 CMakeFiles/pico_w_webserver.dir/__/_deps/pico_sdk-src/src/rp2_common/pico_lwip/lwip_nosys.c.obj
                0x0000000010002230                sys_arch_protect
 .text.sys_arch_unprotect
                0x0000000010002234        0x4 CMakeFiles/pico_w_webserver.dir/__/_deps/pico_sdk-src/src/rp2_common/pico_lwip/lwip_nosys.c.obj
                0x0000000010002234                sys_arch_unprotect
 .text.sys_now  0x0000000010002238       0x20 CMakeFiles/pico_w_webserver.dir/__/_deps/pico_sdk-src/src/rp2_common/pico_lwip/lwip_nosys.c.obj
                0x0000000010002238                sys_now
 .text.async_context_base_add_at_time_worker
                0x0000000010002258       0x28 CMakeFiles/pico_w_webserver.dir/__/_deps/pico_sdk-src/src/rp2_common/pico_async_context/async_context_base.c.obj
                0x0000000010002258                async_context_base_add_at_time_worker
 .text.async_context_base_remove_at_time_worker
                0x0000000010002280       0x28 CMakeFiles/pico_w_webserver.dir/__/_deps/pico_sdk-src/src/rp2_common/pico_async_context/async_context_base.c.obj
                0x0000000010002280                async_context_base_remove_at_time_worker
 .text.async_context_base_add_when_pending_worker
                0x00000000100022a8       0x24 CMakeFiles/pico_w_webserver.dir/__/_deps/pico_sdk-src/src/rp2_common/pico_async_context/async_context_base.c.obj
                0x00000000100022a8                async_context_base_add_when_pending_worker
 .text.async_context_base_remove_when_pending_worker
                0x00000000100022cc       0x28 CMakeFiles/pico_w_webserver.dir/__/_deps/pico_sdk-src/src/rp2_common/pico_async_context/async_context_base.c.obj
                0x00000000100022cc                async_context_base_remove_when_pending_worker
 .text.async_context_base_execute_once
                0x00000000100022f4       0xe8 CMakeFiles/pico_w_webserver.dir/__/_deps/pico_sdk-src/src/rp2_common/pico_async_context/async_context_base.c.obj
                0x00000000100022f4                async_context_base_execute_once
 .text.running_on_fpga
                0x00000000100023dc       0x10 CMakeFiles/pico_w_webserver.dir/__/_deps/pico_sdk-src/src/rp2_common/pico_platform/platform.c.obj
                0x00000000100023dc                running_on_fpga
 .text.splitmix64
                0x00000000100023ec       0x5c CMakeFiles/pico_w_webserver.dir/__/_deps/pico_sdk-src/src/rp2_common/pico_rand/rand.c.obj
 .text.xoroshiro128ss
                0x0000000010002448       0x90 CMakeFiles/pico_w_webserver.dir/__/_deps/pico_sdk-src/src/rp2_common/pico_rand/rand.c.obj
 .text.get_rand_64
                0x00000000100024d8      0x484 CMakeFiles/pico_w_webserver.dir/__/_deps/pico_sdk-src/src/rp2_common/pico_rand/rand.c.obj
                0x00000000100024d8                get_rand_64
 .text.get_rand_32
                0x000000001000295c        0x8 CMakeFiles/pico_w_webserver.dir/__/_deps/pico_sdk-src/src/rp2_common/pico_rand/rand.c.obj
                0x000000001000295c                get_rand_32
 .text.startup._retrieve_unique_id_on_boot
                0x0000000010002964       0x10 CMakeFiles/pico_w_webserver.dir/__/_deps/pico_sdk-src/src/rp2_common/pico_unique_id/unique_id.c.obj
 .text.pico_get_unique_board_id
                0x0000000010002974       0x10 CMakeFiles/pico_w_webserver.dir/__/_deps/pico_sdk-src/src/rp2_common/pico_unique_id/unique_id.c.obj
                0x0000000010002974                pico_get_unique_board_id
 .text.flash_get_unique_id
                0x0000000010002984       0x40 CMakeFiles/pico_w_webserver.dir/__/_deps/pico_sdk-src/src/rp2_common/hardware_flash/flash.c.obj
                0x0000000010002984                flash_get_unique_id
 .text.hw_claim_lock
                0x00000000100029c4       0x18 CMakeFiles/pico_w_webserver.dir/__/_deps/pico_sdk-src/src/rp2_common/hardware_claim/claim.c.obj
                0x00000000100029c4                hw_claim_lock
 .text.hw_claim_unlock
                0x00000000100029dc       0x14 CMakeFiles/pico_w_webserver.dir/__/_deps/pico_sdk-src/src/rp2_common/hardware_claim/claim.c.obj
                0x00000000100029dc                hw_claim_unlock
 .text.hw_claim_or_assert
                0x00000000100029f0       0x44 CMakeFiles/pico_w_webserver.dir/__/_deps/pico_sdk-src/src/rp2_common/hardware_claim/claim.c.obj
                0x00000000100029f0                hw_claim_or_assert
 .text.hw_claim_unused_from_range
                0x0000000010002a34       0x9c CMakeFiles/pico_w_webserver.dir/__/_deps/pico_sdk-src/src/rp2_common/hardware_claim/claim.c.obj
                0x0000000010002a34                hw_claim_unused_from_range
 .text.hw_claim_clear
                0x0000000010002ad0       0x38 CMakeFiles/pico_w_webserver.dir/__/_deps/pico_sdk-src/src/rp2_common/hardware_claim/claim.c.obj
                0x0000000010002ad0                hw_claim_clear
 .text.spin_locks_reset
                0x0000000010002b08       0x1c CMakeFiles/pico_w_webserver.dir/__/_deps/pico_sdk-src/src/rp2_common/hardware_sync/sync.c.obj
                0x0000000010002b08                spin_locks_reset
 .text.next_striped_spin_lock_num
                0x0000000010002b24       0x18 CMakeFiles/pico_w_webserver.dir/__/_deps/pico_sdk-src/src/rp2_common/hardware_sync/sync.c.obj
                0x0000000010002b24                next_striped_spin_lock_num
 .text.spin_lock_claim_unused
                0x0000000010002b3c       0x20 CMakeFiles/pico_w_webserver.dir/__/_deps/pico_sdk-src/src/rp2_common/hardware_sync/sync.c.obj
                0x0000000010002b3c                spin_lock_claim_unused
 .text.rom_func_lookup
                0x0000000010002b5c       0x10 CMakeFiles/pico_w_webserver.dir/__/_deps/pico_sdk-src/src/rp2_common/pico_bootrom/bootrom.c.obj
                0x0000000010002b5c                rom_func_lookup
 .text.rom_data_lookup
                0x0000000010002b6c       0x10 CMakeFiles/pico_w_webserver.dir/__/_deps/pico_sdk-src/src/rp2_common/pico_bootrom/bootrom.c.obj
                0x0000000010002b6c                rom_data_lookup
 .text.rom_funcs_lookup
                0x0000000010002b7c       0x44 CMakeFiles/pico_w_webserver.dir/__/_deps/pico_sdk-src/src/rp2_common/pico_bootrom/bootrom.c.obj
                0x0000000010002b7c                rom_funcs_lookup
 .text.clocks_init
                0x0000000010002bc0      0x2bc CMakeFiles/pico_w_webserver.dir/__/_deps/pico_sdk-src/src/rp2_common/hardware_clocks/clocks.c.obj
                0x0000000010002bc0                clocks_init
 .text.clock_get_hz
                0x0000000010002e7c        0xc CMakeFiles/pico_w_webserver.dir/__/_deps/pico_sdk-src/src/rp2_common/hardware_clocks/clocks.c.obj
                0x0000000010002e7c                clock_get_hz
 .text.gpio_set_function
                0x0000000010002e88       0x30 CMakeFiles/pico_w_webserver.dir/__/_deps/pico_sdk-src/src/rp2_common/hardware_gpio/gpio.c.obj
                0x0000000010002e88                gpio_set_function
 .text.gpio_set_pulls
                0x0000000010002eb8       0x30 CMakeFiles/pico_w_webserver.dir/__/_deps/pico_sdk-src/src/rp2_common/hardware_gpio/gpio.c.obj
                0x0000000010002eb8                gpio_set_pulls
 .text.gpio_set_input_hysteresis_enabled
                0x0000000010002ee8       0x28 CMakeFiles/pico_w_webserver.dir/__/_deps/pico_sdk-src/src/rp2_common/hardware_gpio/gpio.c.obj
                0x0000000010002ee8                gpio_set_input_hysteresis_enabled
 .text.gpio_set_irq_enabled
                0x0000000010002f10       0x54 CMakeFiles/pico_w_webserver.dir/__/_deps/pico_sdk-src/src/rp2_common/hardware_gpio/gpio.c.obj
                0x0000000010002f10                gpio_set_irq_enabled
 .text.gpio_add_raw_irq_handler_with_order_priority_masked
                0x0000000010002f64       0x44 CMakeFiles/pico_w_webserver.dir/__/_deps/pico_sdk-src/src/rp2_common/hardware_gpio/gpio.c.obj
                0x0000000010002f64                gpio_add_raw_irq_handler_with_order_priority_masked
 .text.gpio_remove_raw_irq_handler_masked
                0x0000000010002fa8       0x20 CMakeFiles/pico_w_webserver.dir/__/_deps/pico_sdk-src/src/rp2_common/hardware_gpio/gpio.c.obj
                0x0000000010002fa8                gpio_remove_raw_irq_handler_masked
 .text.gpio_set_input_enabled
                0x0000000010002fc8       0x28 CMakeFiles/pico_w_webserver.dir/__/_deps/pico_sdk-src/src/rp2_common/hardware_gpio/gpio.c.obj
                0x0000000010002fc8                gpio_set_input_enabled
 .text.gpio_init
                0x0000000010002ff0       0x3c CMakeFiles/pico_w_webserver.dir/__/_deps/pico_sdk-src/src/rp2_common/hardware_gpio/gpio.c.obj
                0x0000000010002ff0                gpio_init
 .text.irq_set_enabled
                0x000000001000302c       0x24 CMakeFiles/pico_w_webserver.dir/__/_deps/pico_sdk-src/src/rp2_common/hardware_irq/irq.c.obj
                0x000000001000302c                irq_set_enabled
 .text.irq_set_pending
                0x0000000010003050       0x10 CMakeFiles/pico_w_webserver.dir/__/_deps/pico_sdk-src/src/rp2_common/hardware_irq/irq.c.obj
                0x0000000010003050                irq_set_pending
 .text.irq_get_vtable_handler
                0x0000000010003060       0x10 CMakeFiles/pico_w_webserver.dir/__/_deps/pico_sdk-src/src/rp2_common/hardware_irq/irq.c.obj
                0x0000000010003060                irq_get_vtable_handler
 .text.irq_set_exclusive_handler
                0x0000000010003070       0x54 CMakeFiles/pico_w_webserver.dir/__/_deps/pico_sdk-src/src/rp2_common/hardware_irq/irq.c.obj
                0x0000000010003070                irq_set_exclusive_handler
 .text.irq_add_shared_handler
                0x00000000100030c4      0x1e8 CMakeFiles/pico_w_webserver.dir/__/_deps/pico_sdk-src/src/rp2_common/hardware_irq/irq.c.obj
                0x00000000100030c4                irq_add_shared_handler
 .text.irq_remove_handler
                0x00000000100032ac      0x1b0 CMakeFiles/pico_w_webserver.dir/__/_deps/pico_sdk-src/src/rp2_common/hardware_irq/irq.c.obj
                0x00000000100032ac                irq_remove_handler
 .text.irq_set_priority
                0x000000001000345c       0x28 CMakeFiles/pico_w_webserver.dir/__/_deps/pico_sdk-src/src/rp2_common/hardware_irq/irq.c.obj
                0x000000001000345c                irq_set_priority
 .text.irq_add_tail_to_free_list
                0x0000000010003484       0xb4 CMakeFiles/pico_w_webserver.dir/__/_deps/pico_sdk-src/src/rp2_common/hardware_irq/irq.c.obj
                0x0000000010003484                irq_add_tail_to_free_list
 .text.irq_init_priorities
                0x0000000010003538       0x24 CMakeFiles/pico_w_webserver.dir/__/_deps/pico_sdk-src/src/rp2_common/hardware_irq/irq.c.obj
                0x0000000010003538                irq_init_priorities
 .text.user_irq_unclaim
                0x000000001000355c       0x14 CMakeFiles/pico_w_webserver.dir/__/_deps/pico_sdk-src/src/rp2_common/hardware_irq/irq.c.obj
                0x000000001000355c                user_irq_unclaim
 .text.user_irq_claim_unused
                0x0000000010003570       0x28 CMakeFiles/pico_w_webserver.dir/__/_deps/pico_sdk-src/src/rp2_common/hardware_irq/irq.c.obj
                0x0000000010003570                user_irq_claim_unused
 .text.sem_init
                0x0000000010003598       0x20 CMakeFiles/pico_w_webserver.dir/__/_deps/pico_sdk-src/src/common/pico_sync/sem.c.obj
                0x0000000010003598                sem_init
 .text.lock_init
                0x00000000100035b8       0x10 CMakeFiles/pico_w_webserver.dir/__/_deps/pico_sdk-src/src/common/pico_sync/lock_core.c.obj
                0x00000000100035b8                lock_init
 .text.mutex_init
                0x00000000100035c8       0x1c CMakeFiles/pico_w_webserver.dir/__/_deps/pico_sdk-src/src/common/pico_sync/mutex.c.obj
                0x00000000100035c8                mutex_init
 .text.recursive_mutex_init
                0x00000000100035e4       0x1c CMakeFiles/pico_w_webserver.dir/__/_deps/pico_sdk-src/src/common/pico_sync/mutex.c.obj
                0x00000000100035e4                recursive_mutex_init
 .text.critical_section_init
                0x0000000010003600       0x20 CMakeFiles/pico_w_webserver.dir/__/_deps/pico_sdk-src/src/common/pico_sync/critical_section.c.obj
                0x0000000010003600                critical_section_init
 .text.timer_pool_entry_comparator
                0x0000000010003620       0x34 CMakeFiles/pico_w_webserver.dir/__/_deps/pico_sdk-src/src/common/pico_time/time.c.obj
                0x0000000010003620                timer_pool_entry_comparator
 .text.sleep_until_callback
                0x0000000010003654       0x30 CMakeFiles/pico_w_webserver.dir/__/_deps/pico_sdk-src/src/common/pico_time/time.c.obj
 .text.add_alarm_under_lock.isra.0
                0x0000000010003684      0x100 CMakeFiles/pico_w_webserver.dir/__/_deps/pico_sdk-src/src/common/pico_time/time.c.obj
 .text.alarm_pool_alarm_callback
                0x0000000010003784      0x1b8 CMakeFiles/pico_w_webserver.dir/__/_deps/pico_sdk-src/src/common/pico_time/time.c.obj
 .text.alarm_pool_init_default
                0x000000001000393c       0x6c CMakeFiles/pico_w_webserver.dir/__/_deps/pico_sdk-src/src/common/pico_time/time.c.obj
                0x000000001000393c                alarm_pool_init_default
 .text.alarm_pool_get_default
                0x00000000100039a8        0x8 CMakeFiles/pico_w_webserver.dir/__/_deps/pico_sdk-src/src/common/pico_time/time.c.obj
                0x00000000100039a8                alarm_pool_get_default
 .text.alarm_pool_add_alarm_at
                0x00000000100039b0      0x17c CMakeFiles/pico_w_webserver.dir/__/_deps/pico_sdk-src/src/common/pico_time/time.c.obj
                0x00000000100039b0                alarm_pool_add_alarm_at
 .text.alarm_pool_cancel_alarm
                0x0000000010003b2c       0x74 CMakeFiles/pico_w_webserver.dir/__/_deps/pico_sdk-src/src/common/pico_time/time.c.obj
                0x0000000010003b2c                alarm_pool_cancel_alarm
 .text.sleep_until
                0x0000000010003ba0       0xc4 CMakeFiles/pico_w_webserver.dir/__/_deps/pico_sdk-src/src/common/pico_time/time.c.obj
                0x0000000010003ba0                sleep_until
 .text.sleep_ms
                0x0000000010003c64       0x34 CMakeFiles/pico_w_webserver.dir/__/_deps/pico_sdk-src/src/common/pico_time/time.c.obj
                0x0000000010003c64                sleep_ms
 .text.best_effort_wfe_or_timeout
                0x0000000010003c98       0x78 CMakeFiles/pico_w_webserver.dir/__/_deps/pico_sdk-src/src/common/pico_time/time.c.obj
                0x0000000010003c98                best_effort_wfe_or_timeout
 .text.hardware_alarm_irq_handler
                0x0000000010003d10       0xbc CMakeFiles/pico_w_webserver.dir/__/_deps/pico_sdk-src/src/rp2_common/hardware_timer/timer.c.obj
 .text.hardware_alarm_claim
                0x0000000010003dcc       0x18 CMakeFiles/pico_w_webserver.dir/__/_deps/pico_sdk-src/src/rp2_common/hardware_timer/timer.c.obj
                0x0000000010003dcc                hardware_alarm_claim
 .text.time_us_64
                0x0000000010003de4       0x14 CMakeFiles/pico_w_webserver.dir/__/_deps/pico_sdk-src/src/rp2_common/hardware_timer/timer.c.obj
                0x0000000010003de4                time_us_64
 .text.busy_wait_until
                0x0000000010003df8       0x20 CMakeFiles/pico_w_webserver.dir/__/_deps/pico_sdk-src/src/rp2_common/hardware_timer/timer.c.obj
                0x0000000010003df8                busy_wait_until
 .text.hardware_alarm_set_callback
                0x0000000010003e18       0x8c CMakeFiles/pico_w_webserver.dir/__/_deps/pico_sdk-src/src/rp2_common/hardware_timer/timer.c.obj
                0x0000000010003e18                hardware_alarm_set_callback
 .text.hardware_alarm_set_target
                0x0000000010003ea4       0xe0 CMakeFiles/pico_w_webserver.dir/__/_deps/pico_sdk-src/src/rp2_common/hardware_timer/timer.c.obj
                0x0000000010003ea4                hardware_alarm_set_target
 .text.hardware_alarm_cancel
                0x0000000010003f84       0x3c CMakeFiles/pico_w_webserver.dir/__/_deps/pico_sdk-src/src/rp2_common/hardware_timer/timer.c.obj
                0x0000000010003f84                hardware_alarm_cancel
 .text.ph_merge_nodes
                0x0000000010003fc0       0x68 CMakeFiles/pico_w_webserver.dir/__/_deps/pico_sdk-src/src/common/pico_util/pheap.c.obj
 .text.ph_post_alloc_init
                0x0000000010004028       0x3c CMakeFiles/pico_w_webserver.dir/__/_deps/pico_sdk-src/src/common/pico_util/pheap.c.obj
                0x0000000010004028                ph_post_alloc_init
 .text.ph_merge_two_pass
                0x0000000010004064       0x90 CMakeFiles/pico_w_webserver.dir/__/_deps/pico_sdk-src/src/common/pico_util/pheap.c.obj
                0x0000000010004064                ph_merge_two_pass
 .text.ph_remove_any_head
                0x00000000100040f4      0x100 CMakeFiles/pico_w_webserver.dir/__/_deps/pico_sdk-src/src/common/pico_util/pheap.c.obj
 .text.ph_remove_head
                0x00000000100041f4      0x104 CMakeFiles/pico_w_webserver.dir/__/_deps/pico_sdk-src/src/common/pico_util/pheap.c.obj
                0x00000000100041f4                ph_remove_head
 .text.ph_remove_and_free_node
                0x00000000100042f8       0x7c CMakeFiles/pico_w_webserver.dir/__/_deps/pico_sdk-src/src/common/pico_util/pheap.c.obj
                0x00000000100042f8                ph_remove_and_free_node
 .text.pll_init
                0x0000000010004374       0xb0 CMakeFiles/pico_w_webserver.dir/__/_deps/pico_sdk-src/src/rp2_common/hardware_pll/pll.c.obj
                0x0000000010004374                pll_init
 .text.watchdog_start_tick
                0x0000000010004424       0x10 CMakeFiles/pico_w_webserver.dir/__/_deps/pico_sdk-src/src/rp2_common/hardware_watchdog/watchdog.c.obj
                0x0000000010004424                watchdog_start_tick
 .text.xosc_init
                0x0000000010004434       0x28 CMakeFiles/pico_w_webserver.dir/__/_deps/pico_sdk-src/src/rp2_common/hardware_xosc/xosc.c.obj
                0x0000000010004434                xosc_init
 .text.lwip_init
                0x000000001000445c       0x24 CMakeFiles/pico_w_webserver.dir/__/_deps/pico_sdk-src/lib/lwip/src/core/init.c.obj
                0x000000001000445c                lwip_init
 .text.lwip_htons
                0x0000000010004480        0x8 CMakeFiles/pico_w_webserver.dir/__/_deps/pico_sdk-src/lib/lwip/src/core/def.c.obj
                0x0000000010004480                lwip_htons
 .text.lwip_htonl
                0x0000000010004488        0x4 CMakeFiles/pico_w_webserver.dir/__/_deps/pico_sdk-src/lib/lwip/src/core/def.c.obj
                0x0000000010004488                lwip_htonl
 .text.lwip_strnstr
                0x000000001000448c       0x5c CMakeFiles/pico_w_webserver.dir/__/_deps/pico_sdk-src/lib/lwip/src/core/def.c.obj
                0x000000001000448c                lwip_strnstr
 .text.lwip_stricmp
                0x00000000100044e8       0x34 CMakeFiles/pico_w_webserver.dir/__/_deps/pico_sdk-src/lib/lwip/src/core/def.c.obj
                0x00000000100044e8                lwip_stricmp
 .text.lwip_itoa
                0x000000001000451c       0x80 CMakeFiles/pico_w_webserver.dir/__/_deps/pico_sdk-src/lib/lwip/src/core/def.c.obj
                0x000000001000451c                lwip_itoa
 .text.dns_call_found
                0x000000001000459c      0x134 CMakeFiles/pico_w_webserver.dir/__/_deps/pico_sdk-src/lib/lwip/src/core/dns.c.obj
 .text.dns_send.isra.0
                0x00000000100046d0      0x168 CMakeFiles/pico_w_webserver.dir/__/_deps/pico_sdk-src/lib/lwip/src/core/dns.c.obj
 .text.dns_init
                0x0000000010004838        0x4 CMakeFiles/pico_w_webserver.dir/__/_deps/pico_sdk-src/lib/lwip/src/core/dns.c.obj
                0x0000000010004838                dns_init
 .text.dns_setserver
                0x000000001000483c       0x2c CMakeFiles/pico_w_webserver.dir/__/_deps/pico_sdk-src/lib/lwip/src/core/dns.c.obj
                0x000000001000483c                dns_setserver
 .text.dns_tmr  0x0000000010004868      0x138 CMakeFiles/pico_w_webserver.dir/__/_deps/pico_sdk-src/lib/lwip/src/core/dns.c.obj
                0x0000000010004868                dns_tmr
 .text.lwip_standard_chksum
                0x00000000100049a0       0xd8 CMakeFiles/pico_w_webserver.dir/__/_deps/pico_sdk-src/lib/lwip/src/core/inet_chksum.c.obj
                0x00000000100049a0                lwip_standard_chksum
 .text.inet_chksum_pseudo
                0x0000000010004a78       0xb4 CMakeFiles/pico_w_webserver.dir/__/_deps/pico_sdk-src/lib/lwip/src/core/inet_chksum.c.obj
                0x0000000010004a78                inet_chksum_pseudo
 .text.ip_chksum_pseudo
                0x0000000010004b2c       0x10 CMakeFiles/pico_w_webserver.dir/__/_deps/pico_sdk-src/lib/lwip/src/core/inet_chksum.c.obj
                0x0000000010004b2c                ip_chksum_pseudo
 .text.inet_chksum
                0x0000000010004b3c        0xc CMakeFiles/pico_w_webserver.dir/__/_deps/pico_sdk-src/lib/lwip/src/core/inet_chksum.c.obj
                0x0000000010004b3c                inet_chksum
 .text.inet_chksum_pbuf
                0x0000000010004b48       0x6c CMakeFiles/pico_w_webserver.dir/__/_deps/pico_sdk-src/lib/lwip/src/core/inet_chksum.c.obj
                0x0000000010004b48                inet_chksum_pbuf
 .text.mem_init
                0x0000000010004bb4       0x40 CMakeFiles/pico_w_webserver.dir/__/_deps/pico_sdk-src/lib/lwip/src/core/mem.c.obj
                0x0000000010004bb4                mem_init
 .text.mem_free
                0x0000000010004bf4      0x11c CMakeFiles/pico_w_webserver.dir/__/_deps/pico_sdk-src/lib/lwip/src/core/mem.c.obj
                0x0000000010004bf4                mem_free
 .text.mem_trim
                0x0000000010004d10      0x110 CMakeFiles/pico_w_webserver.dir/__/_deps/pico_sdk-src/lib/lwip/src/core/mem.c.obj
                0x0000000010004d10                mem_trim
 .text.mem_malloc
                0x0000000010004e20      0x120 CMakeFiles/pico_w_webserver.dir/__/_deps/pico_sdk-src/lib/lwip/src/core/mem.c.obj
                0x0000000010004e20                mem_malloc
 .text.memp_init
                0x0000000010004f40       0x6c CMakeFiles/pico_w_webserver.dir/__/_deps/pico_sdk-src/lib/lwip/src/core/memp.c.obj
                0x0000000010004f40                memp_init
 .text.memp_malloc
                0x0000000010004fac       0x3c CMakeFiles/pico_w_webserver.dir/__/_deps/pico_sdk-src/lib/lwip/src/core/memp.c.obj
                0x0000000010004fac                memp_malloc
 .text.memp_free
                0x0000000010004fe8       0x38 CMakeFiles/pico_w_webserver.dir/__/_deps/pico_sdk-src/lib/lwip/src/core/memp.c.obj
                0x0000000010004fe8                memp_free
 .text.netif_null_output_ip4
                0x0000000010005020        0x8 CMakeFiles/pico_w_webserver.dir/__/_deps/pico_sdk-src/lib/lwip/src/core/netif.c.obj
 .text.netif_do_set_ipaddr.isra.0
                0x0000000010005028       0x70 CMakeFiles/pico_w_webserver.dir/__/_deps/pico_sdk-src/lib/lwip/src/core/netif.c.obj
 .text.netif_init
                0x0000000010005098        0x4 CMakeFiles/pico_w_webserver.dir/__/_deps/pico_sdk-src/lib/lwip/src/core/netif.c.obj
                0x0000000010005098                netif_init
 .text.netif_add
                0x000000001000509c      0x144 CMakeFiles/pico_w_webserver.dir/__/_deps/pico_sdk-src/lib/lwip/src/core/netif.c.obj
                0x000000001000509c                netif_add
 .text.netif_set_addr
                0x00000000100051e0       0xb8 CMakeFiles/pico_w_webserver.dir/__/_deps/pico_sdk-src/lib/lwip/src/core/netif.c.obj
                0x00000000100051e0                netif_set_addr
 .text.netif_remove
                0x0000000010005298       0x94 CMakeFiles/pico_w_webserver.dir/__/_deps/pico_sdk-src/lib/lwip/src/core/netif.c.obj
                0x0000000010005298                netif_remove
 .text.netif_set_default
                0x000000001000532c        0xc CMakeFiles/pico_w_webserver.dir/__/_deps/pico_sdk-src/lib/lwip/src/core/netif.c.obj
                0x000000001000532c                netif_set_default
 .text.netif_set_up
                0x0000000010005338       0x40 CMakeFiles/pico_w_webserver.dir/__/_deps/pico_sdk-src/lib/lwip/src/core/netif.c.obj
                0x0000000010005338                netif_set_up
 .text.netif_set_link_up
                0x0000000010005378       0x44 CMakeFiles/pico_w_webserver.dir/__/_deps/pico_sdk-src/lib/lwip/src/core/netif.c.obj
                0x0000000010005378                netif_set_link_up
 .text.netif_set_link_down
                0x00000000100053bc       0x20 CMakeFiles/pico_w_webserver.dir/__/_deps/pico_sdk-src/lib/lwip/src/core/netif.c.obj
                0x00000000100053bc                netif_set_link_down
 .text.netif_get_by_index
                0x00000000100053dc       0x2c CMakeFiles/pico_w_webserver.dir/__/_deps/pico_sdk-src/lib/lwip/src/core/netif.c.obj
                0x00000000100053dc                netif_get_by_index
 .text.pbuf_free.part.0
                0x0000000010005408       0x7c CMakeFiles/pico_w_webserver.dir/__/_deps/pico_sdk-src/lib/lwip/src/core/pbuf.c.obj
 .text.pbuf_free_ooseq
                0x0000000010005484       0x34 CMakeFiles/pico_w_webserver.dir/__/_deps/pico_sdk-src/lib/lwip/src/core/pbuf.c.obj
                0x0000000010005484                pbuf_free_ooseq
 .text.pbuf_alloc
                0x00000000100054b8      0x130 CMakeFiles/pico_w_webserver.dir/__/_deps/pico_sdk-src/lib/lwip/src/core/pbuf.c.obj
                0x00000000100054b8                pbuf_alloc
 .text.pbuf_realloc
                0x00000000100055e8       0x88 CMakeFiles/pico_w_webserver.dir/__/_deps/pico_sdk-src/lib/lwip/src/core/pbuf.c.obj
                0x00000000100055e8                pbuf_realloc
 .text.pbuf_add_header
                0x0000000010005670       0x54 CMakeFiles/pico_w_webserver.dir/__/_deps/pico_sdk-src/lib/lwip/src/core/pbuf.c.obj
                0x0000000010005670                pbuf_add_header
 .text.pbuf_remove_header
                0x00000000100056c4       0x44 CMakeFiles/pico_w_webserver.dir/__/_deps/pico_sdk-src/lib/lwip/src/core/pbuf.c.obj
                0x00000000100056c4                pbuf_remove_header
 .text.pbuf_header_force
                0x0000000010005708       0x74 CMakeFiles/pico_w_webserver.dir/__/_deps/pico_sdk-src/lib/lwip/src/core/pbuf.c.obj
                0x0000000010005708                pbuf_header_force
 .text.pbuf_free
                0x000000001000577c       0x18 CMakeFiles/pico_w_webserver.dir/__/_deps/pico_sdk-src/lib/lwip/src/core/pbuf.c.obj
                0x000000001000577c                pbuf_free
 .text.pbuf_clen
                0x0000000010005794       0x14 CMakeFiles/pico_w_webserver.dir/__/_deps/pico_sdk-src/lib/lwip/src/core/pbuf.c.obj
                0x0000000010005794                pbuf_clen
 .text.pbuf_ref
                0x00000000100057a8       0x28 CMakeFiles/pico_w_webserver.dir/__/_deps/pico_sdk-src/lib/lwip/src/core/pbuf.c.obj
                0x00000000100057a8                pbuf_ref
 .text.pbuf_cat
                0x00000000100057d0       0x3c CMakeFiles/pico_w_webserver.dir/__/_deps/pico_sdk-src/lib/lwip/src/core/pbuf.c.obj
                0x00000000100057d0                pbuf_cat
 .text.pbuf_chain
                0x000000001000580c       0x64 CMakeFiles/pico_w_webserver.dir/__/_deps/pico_sdk-src/lib/lwip/src/core/pbuf.c.obj
                0x000000001000580c                pbuf_chain
 .text.pbuf_copy_partial_pbuf
                0x0000000010005870      0x13c CMakeFiles/pico_w_webserver.dir/__/_deps/pico_sdk-src/lib/lwip/src/core/pbuf.c.obj
                0x0000000010005870                pbuf_copy_partial_pbuf
 .text.pbuf_copy
                0x00000000100059ac       0x18 CMakeFiles/pico_w_webserver.dir/__/_deps/pico_sdk-src/lib/lwip/src/core/pbuf.c.obj
                0x00000000100059ac                pbuf_copy
 .text.pbuf_copy_partial
                0x00000000100059c4       0x70 CMakeFiles/pico_w_webserver.dir/__/_deps/pico_sdk-src/lib/lwip/src/core/pbuf.c.obj
                0x00000000100059c4                pbuf_copy_partial
 .text.pbuf_take
                0x0000000010005a34       0x78 CMakeFiles/pico_w_webserver.dir/__/_deps/pico_sdk-src/lib/lwip/src/core/pbuf.c.obj
                0x0000000010005a34                pbuf_take
 .text.pbuf_take_at
                0x0000000010005aac       0xc0 CMakeFiles/pico_w_webserver.dir/__/_deps/pico_sdk-src/lib/lwip/src/core/pbuf.c.obj
                0x0000000010005aac                pbuf_take_at
 .text.pbuf_clone
                0x0000000010005b6c       0x30 CMakeFiles/pico_w_webserver.dir/__/_deps/pico_sdk-src/lib/lwip/src/core/pbuf.c.obj
                0x0000000010005b6c                pbuf_clone
 .text.pbuf_put_at
                0x0000000010005b9c       0x1c CMakeFiles/pico_w_webserver.dir/__/_deps/pico_sdk-src/lib/lwip/src/core/pbuf.c.obj
                0x0000000010005b9c                pbuf_put_at
 .text.raw_input
                0x0000000010005bb8       0xf0 CMakeFiles/pico_w_webserver.dir/__/_deps/pico_sdk-src/lib/lwip/src/core/raw.c.obj
                0x0000000010005bb8                raw_input
 .text.raw_netif_ip_addr_changed
                0x0000000010005ca8       0x40 CMakeFiles/pico_w_webserver.dir/__/_deps/pico_sdk-src/lib/lwip/src/core/raw.c.obj
                0x0000000010005ca8                raw_netif_ip_addr_changed
 .text.stats_init
                0x0000000010005ce8        0x4 CMakeFiles/pico_w_webserver.dir/__/_deps/pico_sdk-src/lib/lwip/src/core/stats.c.obj
                0x0000000010005ce8                stats_init
 .text.tcp_close_shutdown_fin
                0x0000000010005cec       0x58 CMakeFiles/pico_w_webserver.dir/__/_deps/pico_sdk-src/lib/lwip/src/core/tcp.c.obj
 .text.tcp_pcb_purge.part.0
                0x0000000010005d44       0xc4 CMakeFiles/pico_w_webserver.dir/__/_deps/pico_sdk-src/lib/lwip/src/core/tcp.c.obj
 .text.tcp_init
                0x0000000010005e08       0x20 CMakeFiles/pico_w_webserver.dir/__/_deps/pico_sdk-src/lib/lwip/src/core/tcp.c.obj
                0x0000000010005e08                tcp_init
 .text.tcp_free
                0x0000000010005e28       0x1c CMakeFiles/pico_w_webserver.dir/__/_deps/pico_sdk-src/lib/lwip/src/core/tcp.c.obj
                0x0000000010005e28                tcp_free
 .text.tcp_bind
                0x0000000010005e44       0xf8 CMakeFiles/pico_w_webserver.dir/__/_deps/pico_sdk-src/lib/lwip/src/core/tcp.c.obj
                0x0000000010005e44                tcp_bind
 .text.tcp_listen_with_backlog
                0x0000000010005f3c       0x98 CMakeFiles/pico_w_webserver.dir/__/_deps/pico_sdk-src/lib/lwip/src/core/tcp.c.obj
                0x0000000010005f3c                tcp_listen_with_backlog
 .text.tcp_update_rcv_ann_wnd
                0x0000000010005fd4       0x60 CMakeFiles/pico_w_webserver.dir/__/_deps/pico_sdk-src/lib/lwip/src/core/tcp.c.obj
                0x0000000010005fd4                tcp_update_rcv_ann_wnd
 .text.tcp_recved
                0x0000000010006034       0x98 CMakeFiles/pico_w_webserver.dir/__/_deps/pico_sdk-src/lib/lwip/src/core/tcp.c.obj
                0x0000000010006034                tcp_recved
 .text.tcp_slowtmr
                0x00000000100060cc      0x4dc CMakeFiles/pico_w_webserver.dir/__/_deps/pico_sdk-src/lib/lwip/src/core/tcp.c.obj
                0x00000000100060cc                tcp_slowtmr
 .text.tcp_segs_free
                0x00000000100065a8       0x38 CMakeFiles/pico_w_webserver.dir/__/_deps/pico_sdk-src/lib/lwip/src/core/tcp.c.obj
                0x00000000100065a8                tcp_segs_free
 .text.tcp_seg_free
                0x00000000100065e0       0x1c CMakeFiles/pico_w_webserver.dir/__/_deps/pico_sdk-src/lib/lwip/src/core/tcp.c.obj
                0x00000000100065e0                tcp_seg_free
 .text.tcp_setprio
                0x00000000100065fc        0x8 CMakeFiles/pico_w_webserver.dir/__/_deps/pico_sdk-src/lib/lwip/src/core/tcp.c.obj
                0x00000000100065fc                tcp_setprio
 .text.tcp_seg_copy
                0x0000000010006604       0x2c CMakeFiles/pico_w_webserver.dir/__/_deps/pico_sdk-src/lib/lwip/src/core/tcp.c.obj
                0x0000000010006604                tcp_seg_copy
 .text.tcp_arg  0x0000000010006630        0x8 CMakeFiles/pico_w_webserver.dir/__/_deps/pico_sdk-src/lib/lwip/src/core/tcp.c.obj
                0x0000000010006630                tcp_arg
 .text.tcp_recv
                0x0000000010006638       0x1c CMakeFiles/pico_w_webserver.dir/__/_deps/pico_sdk-src/lib/lwip/src/core/tcp.c.obj
                0x0000000010006638                tcp_recv
 .text.tcp_sent
                0x0000000010006654       0x1c CMakeFiles/pico_w_webserver.dir/__/_deps/pico_sdk-src/lib/lwip/src/core/tcp.c.obj
                0x0000000010006654                tcp_sent
 .text.tcp_err  0x0000000010006670       0x1c CMakeFiles/pico_w_webserver.dir/__/_deps/pico_sdk-src/lib/lwip/src/core/tcp.c.obj
                0x0000000010006670                tcp_err
 .text.tcp_accept
                0x000000001000668c       0x10 CMakeFiles/pico_w_webserver.dir/__/_deps/pico_sdk-src/lib/lwip/src/core/tcp.c.obj
                0x000000001000668c                tcp_accept
 .text.tcp_poll
                0x000000001000669c       0x20 CMakeFiles/pico_w_webserver.dir/__/_deps/pico_sdk-src/lib/lwip/src/core/tcp.c.obj
                0x000000001000669c                tcp_poll
 .text.tcp_pcb_purge
                0x00000000100066bc       0x18 CMakeFiles/pico_w_webserver.dir/__/_deps/pico_sdk-src/lib/lwip/src/core/tcp.c.obj
                0x00000000100066bc                tcp_pcb_purge
 .text.tcp_pcb_remove
                0x00000000100066d4       0xc8 CMakeFiles/pico_w_webserver.dir/__/_deps/pico_sdk-src/lib/lwip/src/core/tcp.c.obj
                0x00000000100066d4                tcp_pcb_remove
 .text.tcp_abandon
                0x000000001000679c      0x1ac CMakeFiles/pico_w_webserver.dir/__/_deps/pico_sdk-src/lib/lwip/src/core/tcp.c.obj
                0x000000001000679c                tcp_abandon
 .text.tcp_abort
                0x0000000010006948        0xc CMakeFiles/pico_w_webserver.dir/__/_deps/pico_sdk-src/lib/lwip/src/core/tcp.c.obj
                0x0000000010006948                tcp_abort
 .text.tcp_accept_null
                0x0000000010006954       0x20 CMakeFiles/pico_w_webserver.dir/__/_deps/pico_sdk-src/lib/lwip/src/core/tcp.c.obj
 .text.tcp_alloc
                0x0000000010006974      0x1cc CMakeFiles/pico_w_webserver.dir/__/_deps/pico_sdk-src/lib/lwip/src/core/tcp.c.obj
                0x0000000010006974                tcp_alloc
 .text.tcp_new_ip_type
                0x0000000010006b40      0x1ac CMakeFiles/pico_w_webserver.dir/__/_deps/pico_sdk-src/lib/lwip/src/core/tcp.c.obj
                0x0000000010006b40                tcp_new_ip_type
 .text.tcp_close_shutdown
                0x0000000010006cec      0x18c CMakeFiles/pico_w_webserver.dir/__/_deps/pico_sdk-src/lib/lwip/src/core/tcp.c.obj
 .text.tcp_recv_null
                0x0000000010006e78       0xd4 CMakeFiles/pico_w_webserver.dir/__/_deps/pico_sdk-src/lib/lwip/src/core/tcp.c.obj
                0x0000000010006e78                tcp_recv_null
 .text.tcp_process_refused_data
                0x0000000010006f4c       0x78 CMakeFiles/pico_w_webserver.dir/__/_deps/pico_sdk-src/lib/lwip/src/core/tcp.c.obj
                0x0000000010006f4c                tcp_process_refused_data
 .text.tcp_fasttmr
                0x0000000010006fc4       0x98 CMakeFiles/pico_w_webserver.dir/__/_deps/pico_sdk-src/lib/lwip/src/core/tcp.c.obj
                0x0000000010006fc4                tcp_fasttmr
 .text.tcp_tmr  0x000000001000705c       0x20 CMakeFiles/pico_w_webserver.dir/__/_deps/pico_sdk-src/lib/lwip/src/core/tcp.c.obj
                0x000000001000705c                tcp_tmr
 .text.tcp_close
                0x000000001000707c      0x174 CMakeFiles/pico_w_webserver.dir/__/_deps/pico_sdk-src/lib/lwip/src/core/tcp.c.obj
                0x000000001000707c                tcp_close
 .text.tcp_next_iss
                0x00000000100071f0       0x28 CMakeFiles/pico_w_webserver.dir/__/_deps/pico_sdk-src/lib/lwip/src/core/tcp.c.obj
                0x00000000100071f0                tcp_next_iss
 .text.tcp_eff_send_mss_netif
                0x0000000010007218       0x38 CMakeFiles/pico_w_webserver.dir/__/_deps/pico_sdk-src/lib/lwip/src/core/tcp.c.obj
                0x0000000010007218                tcp_eff_send_mss_netif
 .text.tcp_netif_ip_addr_changed
                0x0000000010007250       0x9c CMakeFiles/pico_w_webserver.dir/__/_deps/pico_sdk-src/lib/lwip/src/core/tcp.c.obj
                0x0000000010007250                tcp_netif_ip_addr_changed
 .text.tcp_free_ooseq
                0x00000000100072ec       0x40 CMakeFiles/pico_w_webserver.dir/__/_deps/pico_sdk-src/lib/lwip/src/core/tcp.c.obj
                0x00000000100072ec                tcp_free_ooseq
 .text.tcp_parseopt
                0x000000001000732c      0x190 CMakeFiles/pico_w_webserver.dir/__/_deps/pico_sdk-src/lib/lwip/src/core/tcp_in.c.obj
 .text.tcp_oos_insert_segment
                0x00000000100074bc       0xe0 CMakeFiles/pico_w_webserver.dir/__/_deps/pico_sdk-src/lib/lwip/src/core/tcp_in.c.obj
 .text.tcp_free_acked_segments.constprop.0
                0x000000001000759c       0xdc CMakeFiles/pico_w_webserver.dir/__/_deps/pico_sdk-src/lib/lwip/src/core/tcp_in.c.obj
 .text.tcp_receive
                0x0000000010007678      0xa4c CMakeFiles/pico_w_webserver.dir/__/_deps/pico_sdk-src/lib/lwip/src/core/tcp_in.c.obj
 .text.tcp_input
                0x00000000100080c4      0xda4 CMakeFiles/pico_w_webserver.dir/__/_deps/pico_sdk-src/lib/lwip/src/core/tcp_in.c.obj
                0x00000000100080c4                tcp_input
 .text.tcp_trigger_input_pcb_close
                0x0000000010008e68       0x10 CMakeFiles/pico_w_webserver.dir/__/_deps/pico_sdk-src/lib/lwip/src/core/tcp_in.c.obj
                0x0000000010008e68                tcp_trigger_input_pcb_close
 .text.tcp_create_segment
                0x0000000010008e78       0xf8 CMakeFiles/pico_w_webserver.dir/__/_deps/pico_sdk-src/lib/lwip/src/core/tcp_out.c.obj
 .text.tcp_output_control_segment
                0x0000000010008f70       0xc0 CMakeFiles/pico_w_webserver.dir/__/_deps/pico_sdk-src/lib/lwip/src/core/tcp_out.c.obj
 .text.tcp_output_alloc_header.constprop.0
                0x0000000010009030       0xcc CMakeFiles/pico_w_webserver.dir/__/_deps/pico_sdk-src/lib/lwip/src/core/tcp_out.c.obj
 .text.tcp_write
                0x00000000100090fc      0x494 CMakeFiles/pico_w_webserver.dir/__/_deps/pico_sdk-src/lib/lwip/src/core/tcp_out.c.obj
                0x00000000100090fc                tcp_write
 .text.tcp_split_unsent_seg
                0x0000000010009590      0x1c4 CMakeFiles/pico_w_webserver.dir/__/_deps/pico_sdk-src/lib/lwip/src/core/tcp_out.c.obj
                0x0000000010009590                tcp_split_unsent_seg
 .text.tcp_send_fin
                0x0000000010009754      0x12c CMakeFiles/pico_w_webserver.dir/__/_deps/pico_sdk-src/lib/lwip/src/core/tcp_out.c.obj
                0x0000000010009754                tcp_send_fin
 .text.tcp_enqueue_flags
                0x0000000010009880      0x124 CMakeFiles/pico_w_webserver.dir/__/_deps/pico_sdk-src/lib/lwip/src/core/tcp_out.c.obj
                0x0000000010009880                tcp_enqueue_flags
 .text.tcp_rexmit_rto_prepare
                0x00000000100099a4       0x9c CMakeFiles/pico_w_webserver.dir/__/_deps/pico_sdk-src/lib/lwip/src/core/tcp_out.c.obj
                0x00000000100099a4                tcp_rexmit_rto_prepare
 .text.tcp_rexmit
                0x0000000010009a40       0x9c CMakeFiles/pico_w_webserver.dir/__/_deps/pico_sdk-src/lib/lwip/src/core/tcp_out.c.obj
                0x0000000010009a40                tcp_rexmit
 .text.tcp_rexmit_fast
                0x0000000010009adc       0x64 CMakeFiles/pico_w_webserver.dir/__/_deps/pico_sdk-src/lib/lwip/src/core/tcp_out.c.obj
                0x0000000010009adc                tcp_rexmit_fast
 .text.tcp_rst  0x0000000010009b40       0xe8 CMakeFiles/pico_w_webserver.dir/__/_deps/pico_sdk-src/lib/lwip/src/core/tcp_out.c.obj
                0x0000000010009b40                tcp_rst
 .text.tcp_rst_netif
                0x0000000010009c28      0x130 CMakeFiles/pico_w_webserver.dir/__/_deps/pico_sdk-src/lib/lwip/src/core/tcp_out.c.obj
                0x0000000010009c28                tcp_rst_netif
 .text.tcp_send_empty_ack
                0x0000000010009d58       0x54 CMakeFiles/pico_w_webserver.dir/__/_deps/pico_sdk-src/lib/lwip/src/core/tcp_out.c.obj
                0x0000000010009d58                tcp_send_empty_ack
 .text.tcp_output
                0x0000000010009dac      0x46c CMakeFiles/pico_w_webserver.dir/__/_deps/pico_sdk-src/lib/lwip/src/core/tcp_out.c.obj
                0x0000000010009dac                tcp_output
 .text.tcp_rexmit_rto_commit
                0x000000001000a218       0x24 CMakeFiles/pico_w_webserver.dir/__/_deps/pico_sdk-src/lib/lwip/src/core/tcp_out.c.obj
                0x000000001000a218                tcp_rexmit_rto_commit
 .text.tcp_rexmit_rto
                0x000000001000a23c       0xa4 CMakeFiles/pico_w_webserver.dir/__/_deps/pico_sdk-src/lib/lwip/src/core/tcp_out.c.obj
                0x000000001000a23c                tcp_rexmit_rto
 .text.tcp_keepalive
                0x000000001000a2e0       0xe0 CMakeFiles/pico_w_webserver.dir/__/_deps/pico_sdk-src/lib/lwip/src/core/tcp_out.c.obj
                0x000000001000a2e0                tcp_keepalive
 .text.tcp_zero_window_probe
                0x000000001000a3c0      0x108 CMakeFiles/pico_w_webserver.dir/__/_deps/pico_sdk-src/lib/lwip/src/core/tcp_out.c.obj
                0x000000001000a3c0                tcp_zero_window_probe
 .text.sys_timeout_abs
                0x000000001000a4c8       0x48 CMakeFiles/pico_w_webserver.dir/__/_deps/pico_sdk-src/lib/lwip/src/core/timeouts.c.obj
 .text.lwip_cyclic_timer
                0x000000001000a510       0x38 CMakeFiles/pico_w_webserver.dir/__/_deps/pico_sdk-src/lib/lwip/src/core/timeouts.c.obj
 .text.tcpip_tcp_timer
                0x000000001000a548       0x3c CMakeFiles/pico_w_webserver.dir/__/_deps/pico_sdk-src/lib/lwip/src/core/timeouts.c.obj
 .text.tcp_timer_needed
                0x000000001000a584       0x40 CMakeFiles/pico_w_webserver.dir/__/_deps/pico_sdk-src/lib/lwip/src/core/timeouts.c.obj
                0x000000001000a584                tcp_timer_needed
 .text.sys_timeouts_init
                0x000000001000a5c4       0x90 CMakeFiles/pico_w_webserver.dir/__/_deps/pico_sdk-src/lib/lwip/src/core/timeouts.c.obj
                0x000000001000a5c4                sys_timeouts_init
 .text.sys_check_timeouts
                0x000000001000a654       0x68 CMakeFiles/pico_w_webserver.dir/__/_deps/pico_sdk-src/lib/lwip/src/core/timeouts.c.obj
                0x000000001000a654                sys_check_timeouts
 .text.sys_timeouts_sleeptime
                0x000000001000a6bc       0x28 CMakeFiles/pico_w_webserver.dir/__/_deps/pico_sdk-src/lib/lwip/src/core/timeouts.c.obj
                0x000000001000a6bc                sys_timeouts_sleeptime
 .text.udp_init
                0x000000001000a6e4       0x20 CMakeFiles/pico_w_webserver.dir/__/_deps/pico_sdk-src/lib/lwip/src/core/udp.c.obj
                0x000000001000a6e4                udp_init
 .text.udp_input
                0x000000001000a704      0x24c CMakeFiles/pico_w_webserver.dir/__/_deps/pico_sdk-src/lib/lwip/src/core/udp.c.obj
                0x000000001000a704                udp_input
 .text.udp_bind
                0x000000001000a950      0x10c CMakeFiles/pico_w_webserver.dir/__/_deps/pico_sdk-src/lib/lwip/src/core/udp.c.obj
                0x000000001000a950                udp_bind
 .text.udp_sendto_if_src
                0x000000001000aa5c      0x130 CMakeFiles/pico_w_webserver.dir/__/_deps/pico_sdk-src/lib/lwip/src/core/udp.c.obj
                0x000000001000aa5c                udp_sendto_if_src
 .text.udp_sendto_if
                0x000000001000ab8c       0x48 CMakeFiles/pico_w_webserver.dir/__/_deps/pico_sdk-src/lib/lwip/src/core/udp.c.obj
                0x000000001000ab8c                udp_sendto_if
 .text.udp_sendto
                0x000000001000abd4       0x7c CMakeFiles/pico_w_webserver.dir/__/_deps/pico_sdk-src/lib/lwip/src/core/udp.c.obj
                0x000000001000abd4                udp_sendto
 .text.udp_connect
                0x000000001000ac50       0x64 CMakeFiles/pico_w_webserver.dir/__/_deps/pico_sdk-src/lib/lwip/src/core/udp.c.obj
                0x000000001000ac50                udp_connect
 .text.udp_recv
                0x000000001000acb4        0xc CMakeFiles/pico_w_webserver.dir/__/_deps/pico_sdk-src/lib/lwip/src/core/udp.c.obj
                0x000000001000acb4                udp_recv
 .text.udp_remove
                0x000000001000acc0       0x3c CMakeFiles/pico_w_webserver.dir/__/_deps/pico_sdk-src/lib/lwip/src/core/udp.c.obj
                0x000000001000acc0                udp_remove
 .text.udp_new  0x000000001000acfc       0x1c CMakeFiles/pico_w_webserver.dir/__/_deps/pico_sdk-src/lib/lwip/src/core/udp.c.obj
                0x000000001000acfc                udp_new
 .text.udp_netif_ip_addr_changed
                0x000000001000ad18       0x40 CMakeFiles/pico_w_webserver.dir/__/_deps/pico_sdk-src/lib/lwip/src/core/udp.c.obj
                0x000000001000ad18                udp_netif_ip_addr_changed
 .text.dhcp_create_msg
                0x000000001000ad58      0x16c CMakeFiles/pico_w_webserver.dir/__/_deps/pico_sdk-src/lib/lwip/src/core/ipv4/dhcp.c.obj
 .text.dhcp_inc_pcb_refcount
                0x000000001000aec4       0x6c CMakeFiles/pico_w_webserver.dir/__/_deps/pico_sdk-src/lib/lwip/src/core/ipv4/dhcp.c.obj
 .text.dhcp_bind
                0x000000001000af30      0x140 CMakeFiles/pico_w_webserver.dir/__/_deps/pico_sdk-src/lib/lwip/src/core/ipv4/dhcp.c.obj
 .text.dhcp_option_hostname.isra.0
                0x000000001000b070       0x8c CMakeFiles/pico_w_webserver.dir/__/_deps/pico_sdk-src/lib/lwip/src/core/ipv4/dhcp.c.obj
 .text.dhcp_handle_ack.isra.0
                0x000000001000b0fc       0xcc CMakeFiles/pico_w_webserver.dir/__/_deps/pico_sdk-src/lib/lwip/src/core/ipv4/dhcp.c.obj
 .text.dhcp_reboot.isra.0
                0x000000001000b1c8      0x1e4 CMakeFiles/pico_w_webserver.dir/__/_deps/pico_sdk-src/lib/lwip/src/core/ipv4/dhcp.c.obj
 .text.dhcp_discover
                0x000000001000b3ac      0x198 CMakeFiles/pico_w_webserver.dir/__/_deps/pico_sdk-src/lib/lwip/src/core/ipv4/dhcp.c.obj
 .text.dhcp_select.isra.0
                0x000000001000b544      0x268 CMakeFiles/pico_w_webserver.dir/__/_deps/pico_sdk-src/lib/lwip/src/core/ipv4/dhcp.c.obj
 .text.dhcp_recv
                0x000000001000b7ac      0x494 CMakeFiles/pico_w_webserver.dir/__/_deps/pico_sdk-src/lib/lwip/src/core/ipv4/dhcp.c.obj
 .text.dhcp_set_struct
                0x000000001000bc40       0x44 CMakeFiles/pico_w_webserver.dir/__/_deps/pico_sdk-src/lib/lwip/src/core/ipv4/dhcp.c.obj
                0x000000001000bc40                dhcp_set_struct
 .text.dhcp_network_changed_link_up
                0x000000001000bc84       0x40 CMakeFiles/pico_w_webserver.dir/__/_deps/pico_sdk-src/lib/lwip/src/core/ipv4/dhcp.c.obj
                0x000000001000bc84                dhcp_network_changed_link_up
 .text.dhcp_renew
                0x000000001000bcc4      0x1b8 CMakeFiles/pico_w_webserver.dir/__/_deps/pico_sdk-src/lib/lwip/src/core/ipv4/dhcp.c.obj
                0x000000001000bcc4                dhcp_renew
 .text.dhcp_release_and_stop
                0x000000001000be7c      0x180 CMakeFiles/pico_w_webserver.dir/__/_deps/pico_sdk-src/lib/lwip/src/core/ipv4/dhcp.c.obj
                0x000000001000be7c                dhcp_release_and_stop
 .text.dhcp_start
                0x000000001000bffc       0xb0 CMakeFiles/pico_w_webserver.dir/__/_deps/pico_sdk-src/lib/lwip/src/core/ipv4/dhcp.c.obj
                0x000000001000bffc                dhcp_start
 .text.dhcp_coarse_tmr
                0x000000001000c0ac      0x238 CMakeFiles/pico_w_webserver.dir/__/_deps/pico_sdk-src/lib/lwip/src/core/ipv4/dhcp.c.obj
                0x000000001000c0ac                dhcp_coarse_tmr
 .text.dhcp_fine_tmr
                0x000000001000c2e4       0x78 CMakeFiles/pico_w_webserver.dir/__/_deps/pico_sdk-src/lib/lwip/src/core/ipv4/dhcp.c.obj
                0x000000001000c2e4                dhcp_fine_tmr
 .text.dhcp_stop
                0x000000001000c35c      0x180 CMakeFiles/pico_w_webserver.dir/__/_deps/pico_sdk-src/lib/lwip/src/core/ipv4/dhcp.c.obj
                0x000000001000c35c                dhcp_stop
 .text.etharp_find_entry
                0x000000001000c4dc     0x1fbc CMakeFiles/pico_w_webserver.dir/__/_deps/pico_sdk-src/lib/lwip/src/core/ipv4/etharp.c.obj
 .text.etharp_raw
                0x000000001000e498       0xec CMakeFiles/pico_w_webserver.dir/__/_deps/pico_sdk-src/lib/lwip/src/core/ipv4/etharp.c.obj
 .text.etharp_output_to_arp_index
                0x000000001000e584       0xe4 CMakeFiles/pico_w_webserver.dir/__/_deps/pico_sdk-src/lib/lwip/src/core/ipv4/etharp.c.obj
 .text.etharp_tmr
                0x000000001000e668       0x94 CMakeFiles/pico_w_webserver.dir/__/_deps/pico_sdk-src/lib/lwip/src/core/ipv4/etharp.c.obj
                0x000000001000e668                etharp_tmr
 .text.etharp_cleanup_netif
                0x000000001000e6fc      0x188 CMakeFiles/pico_w_webserver.dir/__/_deps/pico_sdk-src/lib/lwip/src/core/ipv4/etharp.c.obj
                0x000000001000e6fc                etharp_cleanup_netif
 .text.etharp_input
                0x000000001000e884      0x1b0 CMakeFiles/pico_w_webserver.dir/__/_deps/pico_sdk-src/lib/lwip/src/core/ipv4/etharp.c.obj
                0x000000001000e884                etharp_input
 .text.etharp_query
                0x000000001000ea34      0x1c0 CMakeFiles/pico_w_webserver.dir/__/_deps/pico_sdk-src/lib/lwip/src/core/ipv4/etharp.c.obj
                0x000000001000ea34                etharp_query
 .text.etharp_output
                0x000000001000ebf4      0x24c CMakeFiles/pico_w_webserver.dir/__/_deps/pico_sdk-src/lib/lwip/src/core/ipv4/etharp.c.obj
                0x000000001000ebf4                etharp_output
 .text.etharp_request
                0x000000001000ee40       0x2c CMakeFiles/pico_w_webserver.dir/__/_deps/pico_sdk-src/lib/lwip/src/core/ipv4/etharp.c.obj
                0x000000001000ee40                etharp_request
 .text.icmp_input
                0x000000001000ee6c      0x1e8 CMakeFiles/pico_w_webserver.dir/__/_deps/pico_sdk-src/lib/lwip/src/core/ipv4/icmp.c.obj
                0x000000001000ee6c                icmp_input
 .text.icmp_dest_unreach
                0x000000001000f054       0xd0 CMakeFiles/pico_w_webserver.dir/__/_deps/pico_sdk-src/lib/lwip/src/core/ipv4/icmp.c.obj
                0x000000001000f054                icmp_dest_unreach
 .text.icmp_time_exceeded
                0x000000001000f124       0xd0 CMakeFiles/pico_w_webserver.dir/__/_deps/pico_sdk-src/lib/lwip/src/core/ipv4/icmp.c.obj
                0x000000001000f124                icmp_time_exceeded
 .text.ip_reass_free_complete_datagram
                0x000000001000f1f4      0x114 CMakeFiles/pico_w_webserver.dir/__/_deps/pico_sdk-src/lib/lwip/src/core/ipv4/ip4_frag.c.obj
 .text.ip_reass_remove_oldest_datagram
                0x000000001000f308       0xd8 CMakeFiles/pico_w_webserver.dir/__/_deps/pico_sdk-src/lib/lwip/src/core/ipv4/ip4_frag.c.obj
 .text.ip_reass_tmr
                0x000000001000f3e0       0x38 CMakeFiles/pico_w_webserver.dir/__/_deps/pico_sdk-src/lib/lwip/src/core/ipv4/ip4_frag.c.obj
                0x000000001000f3e0                ip_reass_tmr
 .text.ip4_reass
                0x000000001000f418      0x534 CMakeFiles/pico_w_webserver.dir/__/_deps/pico_sdk-src/lib/lwip/src/core/ipv4/ip4_frag.c.obj
                0x000000001000f418                ip4_reass
 .text.ip4_frag
                0x000000001000f94c      0x17c CMakeFiles/pico_w_webserver.dir/__/_deps/pico_sdk-src/lib/lwip/src/core/ipv4/ip4_frag.c.obj
                0x000000001000f94c                ip4_frag
 .text.ip4_route
                0x000000001000fac8       0x7c CMakeFiles/pico_w_webserver.dir/__/_deps/pico_sdk-src/lib/lwip/src/core/ipv4/ip4.c.obj
                0x000000001000fac8                ip4_route
 .text.ip4_input
                0x000000001000fb44      0x2cc CMakeFiles/pico_w_webserver.dir/__/_deps/pico_sdk-src/lib/lwip/src/core/ipv4/ip4.c.obj
                0x000000001000fb44                ip4_input
 .text.ip4_output_if
                0x000000001000fe10      0x190 CMakeFiles/pico_w_webserver.dir/__/_deps/pico_sdk-src/lib/lwip/src/core/ipv4/ip4.c.obj
                0x000000001000fe10                ip4_output_if
 .text.ip4_output_if_src
                0x000000001000ffa0      0x17c CMakeFiles/pico_w_webserver.dir/__/_deps/pico_sdk-src/lib/lwip/src/core/ipv4/ip4.c.obj
                0x000000001000ffa0                ip4_output_if_src
 .text.ip4_addr_isbroadcast_u32
                0x000000001001011c       0x3c CMakeFiles/pico_w_webserver.dir/__/_deps/pico_sdk-src/lib/lwip/src/core/ipv4/ip4_addr.c.obj
                0x000000001001011c                ip4_addr_isbroadcast_u32
 .text.ethernet_input
                0x0000000010010158       0xd0 CMakeFiles/pico_w_webserver.dir/__/_deps/pico_sdk-src/lib/lwip/src/netif/ethernet.c.obj
                0x0000000010010158                ethernet_input
 .text.ethernet_output
                0x0000000010010228       0x6c CMakeFiles/pico_w_webserver.dir/__/_deps/pico_sdk-src/lib/lwip/src/netif/ethernet.c.obj
                0x0000000010010228                ethernet_output
 .text.cyw43_arch_wifi_connect_bssid_until.part.0
                0x0000000010010294       0xd8 CMakeFiles/pico_w_webserver.dir/__/_deps/pico_sdk-src/src/rp2_common/pico_cyw43_arch/cyw43_arch.c.obj
 .text.cyw43_arch_set_async_context
                0x000000001001036c        0xc CMakeFiles/pico_w_webserver.dir/__/_deps/pico_sdk-src/src/rp2_common/pico_cyw43_arch/cyw43_arch.c.obj
                0x000000001001036c                cyw43_arch_set_async_context
 .text.cyw43_arch_enable_sta_mode
                0x0000000010010378       0x1c CMakeFiles/pico_w_webserver.dir/__/_deps/pico_sdk-src/src/rp2_common/pico_cyw43_arch/cyw43_arch.c.obj
                0x0000000010010378                cyw43_arch_enable_sta_mode
 .text.cyw43_arch_wifi_connect_timeout_ms
                0x0000000010010394       0x9c CMakeFiles/pico_w_webserver.dir/__/_deps/pico_sdk-src/src/rp2_common/pico_cyw43_arch/cyw43_arch.c.obj
                0x0000000010010394                cyw43_arch_wifi_connect_timeout_ms
 .text.cyw43_arch_gpio_put
                0x0000000010010430       0x14 CMakeFiles/pico_w_webserver.dir/__/_deps/pico_sdk-src/src/rp2_common/pico_cyw43_arch/cyw43_arch.c.obj
                0x0000000010010430                cyw43_arch_gpio_put
 .text.cyw43_arch_async_context
                0x0000000010010444        0xc CMakeFiles/pico_w_webserver.dir/__/_deps/pico_sdk-src/src/rp2_common/pico_cyw43_arch/cyw43_arch.c.obj
                0x0000000010010444                cyw43_arch_async_context
 .text.cyw43_arch_init
                0x0000000010010450       0x80 CMakeFiles/pico_w_webserver.dir/__/_deps/pico_sdk-src/src/rp2_common/pico_cyw43_arch/cyw43_arch_threadsafe_background.c.obj
                0x0000000010010450                cyw43_arch_init
 .text.ns_delay.constprop.0
                0x00000000100104d0       0x20 CMakeFiles/pico_w_webserver.dir/__/_deps/pico_sdk-src/src/rp2_common/pico_cyw43_driver/cyw43_bus_pio_spi.c.obj
 .text.cyw43_spi_init
                0x00000000100104f0      0x1c0 CMakeFiles/pico_w_webserver.dir/__/_deps/pico_sdk-src/src/rp2_common/pico_cyw43_driver/cyw43_bus_pio_spi.c.obj
                0x00000000100104f0                cyw43_spi_init
 .text.cyw43_spi_deinit
                0x00000000100106b0       0x6c CMakeFiles/pico_w_webserver.dir/__/_deps/pico_sdk-src/src/rp2_common/pico_cyw43_driver/cyw43_bus_pio_spi.c.obj
                0x00000000100106b0                cyw43_spi_deinit
 .text.cyw43_spi_transfer
                0x000000001001071c      0x408 CMakeFiles/pico_w_webserver.dir/__/_deps/pico_sdk-src/src/rp2_common/pico_cyw43_driver/cyw43_bus_pio_spi.c.obj
                0x000000001001071c                cyw43_spi_transfer
 .text.cyw43_spi_gpio_setup
                0x0000000010010b24       0x3c CMakeFiles/pico_w_webserver.dir/__/_deps/pico_sdk-src/src/rp2_common/pico_cyw43_driver/cyw43_bus_pio_spi.c.obj
                0x0000000010010b24                cyw43_spi_gpio_setup
 .text.cyw43_spi_reset
                0x0000000010010b60       0x28 CMakeFiles/pico_w_webserver.dir/__/_deps/pico_sdk-src/src/rp2_common/pico_cyw43_driver/cyw43_bus_pio_spi.c.obj
                0x0000000010010b60                cyw43_spi_reset
 .text.read_reg_u32_swap
                0x0000000010010b88       0x3c CMakeFiles/pico_w_webserver.dir/__/_deps/pico_sdk-src/src/rp2_common/pico_cyw43_driver/cyw43_bus_pio_spi.c.obj
                0x0000000010010b88                read_reg_u32_swap
 .text.cyw43_read_reg_u32
                0x0000000010010bc4       0x6c CMakeFiles/pico_w_webserver.dir/__/_deps/pico_sdk-src/src/rp2_common/pico_cyw43_driver/cyw43_bus_pio_spi.c.obj
                0x0000000010010bc4                cyw43_read_reg_u32
 .text.cyw43_read_reg_u16
                0x0000000010010c30       0x6c CMakeFiles/pico_w_webserver.dir/__/_deps/pico_sdk-src/src/rp2_common/pico_cyw43_driver/cyw43_bus_pio_spi.c.obj
                0x0000000010010c30                cyw43_read_reg_u16
 .text.cyw43_read_reg_u8
                0x0000000010010c9c       0x6c CMakeFiles/pico_w_webserver.dir/__/_deps/pico_sdk-src/src/rp2_common/pico_cyw43_driver/cyw43_bus_pio_spi.c.obj
                0x0000000010010c9c                cyw43_read_reg_u8
 .text.write_reg_u32_swap
                0x0000000010010d08      0x1e0 CMakeFiles/pico_w_webserver.dir/__/_deps/pico_sdk-src/src/rp2_common/pico_cyw43_driver/cyw43_bus_pio_spi.c.obj
                0x0000000010010d08                write_reg_u32_swap
 .text.cyw43_write_reg_u32
                0x0000000010010ee8      0x200 CMakeFiles/pico_w_webserver.dir/__/_deps/pico_sdk-src/src/rp2_common/pico_cyw43_driver/cyw43_bus_pio_spi.c.obj
                0x0000000010010ee8                cyw43_write_reg_u32
 .text.cyw43_write_reg_u16
                0x00000000100110e8      0x200 CMakeFiles/pico_w_webserver.dir/__/_deps/pico_sdk-src/src/rp2_common/pico_cyw43_driver/cyw43_bus_pio_spi.c.obj
                0x00000000100110e8                cyw43_write_reg_u16
 .text.cyw43_write_reg_u8
                0x00000000100112e8      0x200 CMakeFiles/pico_w_webserver.dir/__/_deps/pico_sdk-src/src/rp2_common/pico_cyw43_driver/cyw43_bus_pio_spi.c.obj
                0x00000000100112e8                cyw43_write_reg_u8
 .text.cyw43_read_bytes
                0x00000000100114e8       0x8c CMakeFiles/pico_w_webserver.dir/__/_deps/pico_sdk-src/src/rp2_common/pico_cyw43_driver/cyw43_bus_pio_spi.c.obj
                0x00000000100114e8                cyw43_read_bytes
 .text.cyw43_write_bytes
                0x0000000010011574       0xd8 CMakeFiles/pico_w_webserver.dir/__/_deps/pico_sdk-src/src/rp2_common/pico_cyw43_driver/cyw43_bus_pio_spi.c.obj
                0x0000000010011574                cyw43_write_bytes
 .text.cyw43_set_backplane_window
                0x000000001001164c       0x64 CMakeFiles/pico_w_webserver.dir/__/_deps/pico_sdk-src/lib/cyw43-driver/src/cyw43_ll.c.obj
 .text.cyw43_ll_parse_async_event
                0x00000000100116b0      0x13c CMakeFiles/pico_w_webserver.dir/__/_deps/pico_sdk-src/lib/cyw43-driver/src/cyw43_ll.c.obj
 .text.cyw43_kso_set
                0x00000000100117ec       0xa0 CMakeFiles/pico_w_webserver.dir/__/_deps/pico_sdk-src/lib/cyw43-driver/src/cyw43_ll.c.obj
 .text.cyw43_ll_sdpcm_poll_device
                0x000000001001188c      0x244 CMakeFiles/pico_w_webserver.dir/__/_deps/pico_sdk-src/lib/cyw43-driver/src/cyw43_ll.c.obj
 .text.cyw43_sdpcm_send_common
                0x0000000010011ad0       0xf0 CMakeFiles/pico_w_webserver.dir/__/_deps/pico_sdk-src/lib/cyw43-driver/src/cyw43_ll.c.obj
 .text.cyw43_do_ioctl
                0x0000000010011bc0      0x110 CMakeFiles/pico_w_webserver.dir/__/_deps/pico_sdk-src/lib/cyw43-driver/src/cyw43_ll.c.obj
 .text.cyw43_do_ioctl.constprop.0
                0x0000000010011cd0      0x108 CMakeFiles/pico_w_webserver.dir/__/_deps/pico_sdk-src/lib/cyw43-driver/src/cyw43_ll.c.obj
 .text.reset_device_core.constprop.0
                0x0000000010011dd8      0x3f0 CMakeFiles/pico_w_webserver.dir/__/_deps/pico_sdk-src/lib/cyw43-driver/src/cyw43_ll.c.obj
 .text.cyw43_ll_init
                0x00000000100121c8       0x18 CMakeFiles/pico_w_webserver.dir/__/_deps/pico_sdk-src/lib/cyw43-driver/src/cyw43_ll.c.obj
                0x00000000100121c8                cyw43_ll_init
 .text.cyw43_ll_deinit
                0x00000000100121e0        0x8 CMakeFiles/pico_w_webserver.dir/__/_deps/pico_sdk-src/lib/cyw43-driver/src/cyw43_ll.c.obj
                0x00000000100121e0                cyw43_ll_deinit
 .text.cyw43_ll_send_ethernet
                0x00000000100121e8       0x60 CMakeFiles/pico_w_webserver.dir/__/_deps/pico_sdk-src/lib/cyw43-driver/src/cyw43_ll.c.obj
                0x00000000100121e8                cyw43_ll_send_ethernet
 .text.cyw43_ll_process_packets
                0x0000000010012248       0x68 CMakeFiles/pico_w_webserver.dir/__/_deps/pico_sdk-src/lib/cyw43-driver/src/cyw43_ll.c.obj
                0x0000000010012248                cyw43_ll_process_packets
 .text.cyw43_ll_ioctl
                0x00000000100122b0       0x20 CMakeFiles/pico_w_webserver.dir/__/_deps/pico_sdk-src/lib/cyw43-driver/src/cyw43_ll.c.obj
                0x00000000100122b0                cyw43_ll_ioctl
 .text.cyw43_ll_bus_sleep
                0x00000000100122d0       0x34 CMakeFiles/pico_w_webserver.dir/__/_deps/pico_sdk-src/lib/cyw43-driver/src/cyw43_ll.c.obj
                0x00000000100122d0                cyw43_ll_bus_sleep
 .text.cyw43_ll_bus_init
                0x0000000010012304      0xcac CMakeFiles/pico_w_webserver.dir/__/_deps/pico_sdk-src/lib/cyw43-driver/src/cyw43_ll.c.obj
                0x0000000010012304                cyw43_ll_bus_init
 .text.cyw43_ll_wifi_on
                0x0000000010012fb0      0x240 CMakeFiles/pico_w_webserver.dir/__/_deps/pico_sdk-src/lib/cyw43-driver/src/cyw43_ll.c.obj
                0x0000000010012fb0                cyw43_ll_wifi_on
 .text.cyw43_ll_wifi_get_mac
                0x00000000100131f0       0x44 CMakeFiles/pico_w_webserver.dir/__/_deps/pico_sdk-src/lib/cyw43-driver/src/cyw43_ll.c.obj
                0x00000000100131f0                cyw43_ll_wifi_get_mac
 .text.cyw43_ll_wifi_pm
                0x0000000010013234      0x194 CMakeFiles/pico_w_webserver.dir/__/_deps/pico_sdk-src/lib/cyw43-driver/src/cyw43_ll.c.obj
                0x0000000010013234                cyw43_ll_wifi_pm
 .text.cyw43_ll_wifi_join
                0x00000000100133c8      0x30c CMakeFiles/pico_w_webserver.dir/__/_deps/pico_sdk-src/lib/cyw43-driver/src/cyw43_ll.c.obj
                0x00000000100133c8                cyw43_ll_wifi_join
 .text.cyw43_ll_wifi_set_wpa_auth
                0x00000000100136d4       0x2c CMakeFiles/pico_w_webserver.dir/__/_deps/pico_sdk-src/lib/cyw43-driver/src/cyw43_ll.c.obj
                0x00000000100136d4                cyw43_ll_wifi_set_wpa_auth
 .text.cyw43_ll_wifi_rejoin
                0x0000000010013700       0x1c CMakeFiles/pico_w_webserver.dir/__/_deps/pico_sdk-src/lib/cyw43-driver/src/cyw43_ll.c.obj
                0x0000000010013700                cyw43_ll_wifi_rejoin
 .text.cyw43_ll_wifi_ap_init
                0x000000001001371c      0x2c4 CMakeFiles/pico_w_webserver.dir/__/_deps/pico_sdk-src/lib/cyw43-driver/src/cyw43_ll.c.obj
                0x000000001001371c                cyw43_ll_wifi_ap_init
 .text.cyw43_ll_wifi_ap_set_up
                0x00000000100139e0       0x54 CMakeFiles/pico_w_webserver.dir/__/_deps/pico_sdk-src/lib/cyw43-driver/src/cyw43_ll.c.obj
                0x00000000100139e0                cyw43_ll_wifi_ap_set_up
 .text.cyw43_ll_gpio_set
                0x0000000010013a34       0x6c CMakeFiles/pico_w_webserver.dir/__/_deps/pico_sdk-src/lib/cyw43-driver/src/cyw43_ll.c.obj
                0x0000000010013a34                cyw43_ll_gpio_set
 .text.cyw43_ll_has_work
                0x0000000010013aa0       0x14 CMakeFiles/pico_w_webserver.dir/__/_deps/pico_sdk-src/lib/cyw43-driver/src/cyw43_ll.c.obj
                0x0000000010013aa0                cyw43_ll_has_work
 .text.cyw43_netif_init
                0x0000000010013ab4       0x3c CMakeFiles/pico_w_webserver.dir/__/_deps/pico_sdk-src/lib/cyw43-driver/src/cyw43_lwip.c.obj
 .text.cyw43_netif_output
                0x0000000010013af0       0x34 CMakeFiles/pico_w_webserver.dir/__/_deps/pico_sdk-src/lib/cyw43-driver/src/cyw43_lwip.c.obj
 .text.cyw43_cb_tcpip_init
                0x0000000010013b24       0xf8 CMakeFiles/pico_w_webserver.dir/__/_deps/pico_sdk-src/lib/cyw43-driver/src/cyw43_lwip.c.obj
                0x0000000010013b24                cyw43_cb_tcpip_init
 .text.cyw43_cb_tcpip_deinit
                0x0000000010013c1c       0x4c CMakeFiles/pico_w_webserver.dir/__/_deps/pico_sdk-src/lib/cyw43-driver/src/cyw43_lwip.c.obj
                0x0000000010013c1c                cyw43_cb_tcpip_deinit
 .text.cyw43_cb_process_ethernet
                0x0000000010013c68       0x68 CMakeFiles/pico_w_webserver.dir/__/_deps/pico_sdk-src/lib/cyw43-driver/src/cyw43_lwip.c.obj
                0x0000000010013c68                cyw43_cb_process_ethernet
 .text.cyw43_cb_tcpip_set_link_up
                0x0000000010013cd0       0x18 CMakeFiles/pico_w_webserver.dir/__/_deps/pico_sdk-src/lib/cyw43-driver/src/cyw43_lwip.c.obj
                0x0000000010013cd0                cyw43_cb_tcpip_set_link_up
 .text.cyw43_cb_tcpip_set_link_down
                0x0000000010013ce8       0x18 CMakeFiles/pico_w_webserver.dir/__/_deps/pico_sdk-src/lib/cyw43-driver/src/cyw43_lwip.c.obj
                0x0000000010013ce8                cyw43_cb_tcpip_set_link_down
 .text.cyw43_tcpip_link_status
                0x0000000010013d00       0x34 CMakeFiles/pico_w_webserver.dir/__/_deps/pico_sdk-src/lib/cyw43-driver/src/cyw43_lwip.c.obj
                0x0000000010013d00                cyw43_tcpip_link_status
 .text.cyw43_poll_func
                0x0000000010013d34       0xbc CMakeFiles/pico_w_webserver.dir/__/_deps/pico_sdk-src/lib/cyw43-driver/src/cyw43_ctrl.c.obj
 .text.cyw43_init
                0x0000000010013df0       0x70 CMakeFiles/pico_w_webserver.dir/__/_deps/pico_sdk-src/lib/cyw43-driver/src/cyw43_ctrl.c.obj
                0x0000000010013df0                cyw43_init
 .text.cyw43_deinit
                0x0000000010013e60       0x94 CMakeFiles/pico_w_webserver.dir/__/_deps/pico_sdk-src/lib/cyw43-driver/src/cyw43_ctrl.c.obj
                0x0000000010013e60                cyw43_deinit
 .text.cyw43_cb_read_host_interrupt_pin
                0x0000000010013ef4        0xc CMakeFiles/pico_w_webserver.dir/__/_deps/pico_sdk-src/lib/cyw43-driver/src/cyw43_ctrl.c.obj
                0x0000000010013ef4                cyw43_cb_read_host_interrupt_pin
 .text.cyw43_cb_ensure_awake
                0x0000000010013f00        0xc CMakeFiles/pico_w_webserver.dir/__/_deps/pico_sdk-src/lib/cyw43-driver/src/cyw43_ctrl.c.obj
                0x0000000010013f00                cyw43_cb_ensure_awake
 .text.cyw43_cb_process_async_event
                0x0000000010013f0c      0x238 CMakeFiles/pico_w_webserver.dir/__/_deps/pico_sdk-src/lib/cyw43-driver/src/cyw43_ctrl.c.obj
                0x0000000010013f0c                cyw43_cb_process_async_event
 .text.cyw43_send_ethernet
                0x0000000010014144       0xc0 CMakeFiles/pico_w_webserver.dir/__/_deps/pico_sdk-src/lib/cyw43-driver/src/cyw43_ctrl.c.obj
                0x0000000010014144                cyw43_send_ethernet
 .text.cyw43_wifi_get_mac
                0x0000000010014204       0x10 CMakeFiles/pico_w_webserver.dir/__/_deps/pico_sdk-src/lib/cyw43-driver/src/cyw43_ctrl.c.obj
                0x0000000010014204                cyw43_wifi_get_mac
 .text.cyw43_wifi_set_up
                0x0000000010014214      0x300 CMakeFiles/pico_w_webserver.dir/__/_deps/pico_sdk-src/lib/cyw43-driver/src/cyw43_ctrl.c.obj
                0x0000000010014214                cyw43_wifi_set_up
 .text.cyw43_wifi_link_status
                0x0000000010014514       0x3c CMakeFiles/pico_w_webserver.dir/__/_deps/pico_sdk-src/lib/cyw43-driver/src/cyw43_ctrl.c.obj
                0x0000000010014514                cyw43_wifi_link_status
 .text.cyw43_wifi_join
                0x0000000010014550       0xf8 CMakeFiles/pico_w_webserver.dir/__/_deps/pico_sdk-src/lib/cyw43-driver/src/cyw43_ctrl.c.obj
                0x0000000010014550                cyw43_wifi_join
 .text.cyw43_gpio_set
                0x0000000010014648       0xa4 CMakeFiles/pico_w_webserver.dir/__/_deps/pico_sdk-src/lib/cyw43-driver/src/cyw43_ctrl.c.obj
                0x0000000010014648                cyw43_gpio_set
 .text.pio_sm_unclaim
                0x00000000100146ec       0x20 CMakeFiles/pico_w_webserver.dir/__/_deps/pico_sdk-src/src/rp2_common/hardware_pio/pio.c.obj
                0x00000000100146ec                pio_sm_unclaim
 .text.pio_claim_unused_sm
                0x000000001001470c       0x3c CMakeFiles/pico_w_webserver.dir/__/_deps/pico_sdk-src/src/rp2_common/hardware_pio/pio.c.obj
                0x000000001001470c                pio_claim_unused_sm
 .text.pio_can_add_program
                0x0000000010014748       0x68 CMakeFiles/pico_w_webserver.dir/__/_deps/pico_sdk-src/src/rp2_common/hardware_pio/pio.c.obj
                0x0000000010014748                pio_can_add_program
 .text.pio_add_program
                0x00000000100147b0       0xc8 CMakeFiles/pico_w_webserver.dir/__/_deps/pico_sdk-src/src/rp2_common/hardware_pio/pio.c.obj
                0x00000000100147b0                pio_add_program
 .text.pio_remove_program
                0x0000000010014878       0x34 CMakeFiles/pico_w_webserver.dir/__/_deps/pico_sdk-src/src/rp2_common/hardware_pio/pio.c.obj
                0x0000000010014878                pio_remove_program
 .text.pio_sm_set_pindirs_with_mask
                0x00000000100148ac       0xa4 CMakeFiles/pico_w_webserver.dir/__/_deps/pico_sdk-src/src/rp2_common/hardware_pio/pio.c.obj
                0x00000000100148ac                pio_sm_set_pindirs_with_mask
 .text.pio_sm_set_consecutive_pindirs
                0x0000000010014950       0xb0 CMakeFiles/pico_w_webserver.dir/__/_deps/pico_sdk-src/src/rp2_common/hardware_pio/pio.c.obj
                0x0000000010014950                pio_sm_set_consecutive_pindirs
 .text.dma_channel_unclaim
                0x0000000010014a00       0x10 CMakeFiles/pico_w_webserver.dir/__/_deps/pico_sdk-src/src/rp2_common/hardware_dma/dma.c.obj
                0x0000000010014a00                dma_channel_unclaim
 .text.dma_claim_unused_channel
                0x0000000010014a10       0x20 CMakeFiles/pico_w_webserver.dir/__/_deps/pico_sdk-src/src/rp2_common/hardware_dma/dma.c.obj
                0x0000000010014a10                dma_claim_unused_channel
 .text.cyw43_sleep_timeout_reached
                0x0000000010014a30       0x10 CMakeFiles/pico_w_webserver.dir/__/_deps/pico_sdk-src/src/rp2_common/pico_cyw43_driver/cyw43_driver.c.obj
 .text.cyw43_irq_init
                0x0000000010014a40       0x28 CMakeFiles/pico_w_webserver.dir/__/_deps/pico_sdk-src/src/rp2_common/pico_cyw43_driver/cyw43_driver.c.obj
                0x0000000010014a40                cyw43_irq_init
 .text.cyw43_irq_deinit
                0x0000000010014a68       0x20 CMakeFiles/pico_w_webserver.dir/__/_deps/pico_sdk-src/src/rp2_common/pico_cyw43_driver/cyw43_driver.c.obj
                0x0000000010014a68                cyw43_irq_deinit
 .text.cyw43_gpio_irq_handler
                0x0000000010014a88       0x44 CMakeFiles/pico_w_webserver.dir/__/_deps/pico_sdk-src/src/rp2_common/pico_cyw43_driver/cyw43_driver.c.obj
 .text.cyw43_do_poll
                0x0000000010014acc       0x6c CMakeFiles/pico_w_webserver.dir/__/_deps/pico_sdk-src/src/rp2_common/pico_cyw43_driver/cyw43_driver.c.obj
 .text.cyw43_post_poll_hook
                0x0000000010014b38       0x10 CMakeFiles/pico_w_webserver.dir/__/_deps/pico_sdk-src/src/rp2_common/pico_cyw43_driver/cyw43_driver.c.obj
                0x0000000010014b38                cyw43_post_poll_hook
 .text.cyw43_schedule_internal_poll_dispatch
                0x0000000010014b48       0x18 CMakeFiles/pico_w_webserver.dir/__/_deps/pico_sdk-src/src/rp2_common/pico_cyw43_driver/cyw43_driver.c.obj
                0x0000000010014b48                cyw43_schedule_internal_poll_dispatch
 .text.cyw43_driver_init
                0x0000000010014b60       0x38 CMakeFiles/pico_w_webserver.dir/__/_deps/pico_sdk-src/src/rp2_common/pico_cyw43_driver/cyw43_driver.c.obj
                0x0000000010014b60                cyw43_driver_init
 .text.cyw43_driver_deinit
                0x0000000010014b98       0x44 CMakeFiles/pico_w_webserver.dir/__/_deps/pico_sdk-src/src/rp2_common/pico_cyw43_driver/cyw43_driver.c.obj
                0x0000000010014b98                cyw43_driver_deinit
 .text.cyw43_hal_generate_laa_mac
                0x0000000010014bdc       0x28 CMakeFiles/pico_w_webserver.dir/__/_deps/pico_sdk-src/src/rp2_common/pico_cyw43_driver/cyw43_driver.c.obj
                0x0000000010014bdc                cyw43_hal_generate_laa_mac
 .text.cyw43_hal_get_mac
                0x0000000010014c04       0x1c CMakeFiles/pico_w_webserver.dir/__/_deps/pico_sdk-src/src/rp2_common/pico_cyw43_driver/cyw43_driver.c.obj
                0x0000000010014c04                cyw43_hal_get_mac
 .text.cyw43_thread_enter
                0x0000000010014c20       0x14 CMakeFiles/pico_w_webserver.dir/__/_deps/pico_sdk-src/src/rp2_common/pico_cyw43_driver/cyw43_driver.c.obj
                0x0000000010014c20                cyw43_thread_enter
 .text.cyw43_thread_exit
                0x0000000010014c34       0x14 CMakeFiles/pico_w_webserver.dir/__/_deps/pico_sdk-src/src/rp2_common/pico_cyw43_driver/cyw43_driver.c.obj
                0x0000000010014c34                cyw43_thread_exit
 .text.cyw43_await_background_or_timeout_us
                0x0000000010014c48       0x34 CMakeFiles/pico_w_webserver.dir/__/_deps/pico_sdk-src/src/rp2_common/pico_cyw43_driver/cyw43_driver.c.obj
                0x0000000010014c48                cyw43_await_background_or_timeout_us
 .text.cyw43_delay_ms
                0x0000000010014c7c       0x44 CMakeFiles/pico_w_webserver.dir/__/_deps/pico_sdk-src/src/rp2_common/pico_cyw43_driver/cyw43_driver.c.obj
                0x0000000010014c7c                cyw43_delay_ms
 .text.cyw43_delay_us
                0x0000000010014cc0       0x34 CMakeFiles/pico_w_webserver.dir/__/_deps/pico_sdk-src/src/rp2_common/pico_cyw43_driver/cyw43_driver.c.obj
                0x0000000010014cc0                cyw43_delay_us
 .text.async_context_threadsafe_background_acquire_lock_blocking
                0x0000000010014cf4        0xc CMakeFiles/pico_w_webserver.dir/__/_deps/pico_sdk-src/src/rp2_common/pico_async_context/async_context_threadsafe_background.c.obj
 .text.alarm_handler
                0x0000000010014d00       0x20 CMakeFiles/pico_w_webserver.dir/__/_deps/pico_sdk-src/src/rp2_common/pico_async_context/async_context_threadsafe_background.c.obj
 .text.async_context_threadsafe_background_set_work_pending
                0x0000000010014d20       0x1c CMakeFiles/pico_w_webserver.dir/__/_deps/pico_sdk-src/src/rp2_common/pico_async_context/async_context_threadsafe_background.c.obj
 .text.process_under_lock
                0x0000000010014d3c       0xc8 CMakeFiles/pico_w_webserver.dir/__/_deps/pico_sdk-src/src/rp2_common/pico_async_context/async_context_threadsafe_background.c.obj
 .text.async_context_threadsafe_background_execute_sync
                0x0000000010014e04       0x30 CMakeFiles/pico_w_webserver.dir/__/_deps/pico_sdk-src/src/rp2_common/pico_async_context/async_context_threadsafe_background.c.obj
                0x0000000010014e04                async_context_threadsafe_background_execute_sync
 .text.async_context_threadsafe_background_deinit
                0x0000000010014e34       0x54 CMakeFiles/pico_w_webserver.dir/__/_deps/pico_sdk-src/src/rp2_common/pico_async_context/async_context_threadsafe_background.c.obj
 .text.low_priority_irq_handler
                0x0000000010014e88       0x3c CMakeFiles/pico_w_webserver.dir/__/_deps/pico_sdk-src/src/rp2_common/pico_async_context/async_context_threadsafe_background.c.obj
 .text.async_context_threadsafe_background_wait_for_work_until
                0x0000000010014ec4        0xc CMakeFiles/pico_w_webserver.dir/__/_deps/pico_sdk-src/src/rp2_common/pico_async_context/async_context_threadsafe_background.c.obj
 .text.async_context_threadsafe_background_wait_until
                0x0000000010014ed0       0x1c CMakeFiles/pico_w_webserver.dir/__/_deps/pico_sdk-src/src/rp2_common/pico_async_context/async_context_threadsafe_background.c.obj
 .text.async_context_threadsafe_background_lock_check
                0x0000000010014eec       0x28 CMakeFiles/pico_w_webserver.dir/__/_deps/pico_sdk-src/src/rp2_common/pico_async_context/async_context_threadsafe_background.c.obj
 .text.async_context_threadsafe_background_release_lock